Component: ARM Compiler 5.06 update 5 (build 528) Tool: armlink [4d35e2]

==============================================================================

Section Cross References

    stm32f10x_it.o(.text) refers to usart.o(.text) for UsartPrintf
    system_stm32f10x.o(.text) refers to system_stm32f10x.o(.data) for SystemCoreClock
    startup_stm32f10x_hd.o(STACK) refers (Special) to heapauxi.o(.text) for __use_two_region_memory
    startup_stm32f10x_hd.o(HEAP) refers (Special) to heapauxi.o(.text) for __use_two_region_memory
    startup_stm32f10x_hd.o(RESET) refers (Special) to heapauxi.o(.text) for __use_two_region_memory
    startup_stm32f10x_hd.o(RESET) refers to startup_stm32f10x_hd.o(STACK) for __initial_sp
    startup_stm32f10x_hd.o(RESET) refers to startup_stm32f10x_hd.o(.text) for Reset_Handler
    startup_stm32f10x_hd.o(RESET) refers to stm32f10x_it.o(.text) for NMI_Handler
    startup_stm32f10x_hd.o(RESET) refers to main.o(.text) for TIM2_IRQHandler
    startup_stm32f10x_hd.o(RESET) refers to esp8266.o(.text) for USART2_IRQHandler
    startup_stm32f10x_hd.o(RESET) refers to usart.o(.text) for USART3_IRQHandler
    startup_stm32f10x_hd.o(.text) refers (Special) to heapauxi.o(.text) for __use_two_region_memory
    startup_stm32f10x_hd.o(.text) refers to system_stm32f10x.o(.text) for SystemInit
    startup_stm32f10x_hd.o(.text) refers to __main.o(!!!main) for __main
    startup_stm32f10x_hd.o(.text) refers to startup_stm32f10x_hd.o(HEAP) for Heap_Mem
    startup_stm32f10x_hd.o(.text) refers to startup_stm32f10x_hd.o(STACK) for Stack_Mem
    stm32f10x_rcc.o(.text) refers to stm32f10x_rcc.o(.data) for APBAHBPrescTable
    stm32f10x_gpio.o(.text) refers to stm32f10x_rcc.o(.text) for RCC_APB2PeriphResetCmd
    stm32f10x_usart.o(.text) refers to stm32f10x_rcc.o(.text) for RCC_APB2PeriphResetCmd
    stm32f10x_tim.o(.text) refers to stm32f10x_rcc.o(.text) for RCC_APB2PeriphResetCmd
    stm32f10x_adc.o(.text) refers to stm32f10x_rcc.o(.text) for RCC_APB2PeriphResetCmd
    stm32f10x_dac.o(.text) refers to stm32f10x_rcc.o(.text) for RCC_APB1PeriphResetCmd
    delay.o(.text) refers to delay.o(.data) for UsCount
    usart.o(.text) refers to stm32f10x_rcc.o(.text) for RCC_APB2PeriphClockCmd
    usart.o(.text) refers to stm32f10x_gpio.o(.text) for GPIO_Init
    usart.o(.text) refers to stm32f10x_usart.o(.text) for USART_Init
    usart.o(.text) refers to misc.o(.text) for NVIC_PriorityGroupConfig
    usart.o(.text) refers to vsnprintf.o(.text) for vsnprintf
    usart.o(.text) refers to usart.o(.data) for RxState
    usart.o(.text) refers to usart.o(.bss) for Serial_RxPacket
    hmi_rx.o(.text) refers to _printf_percent.o(.ARM.Collect$$_printf_percent$$00000000) for _printf_percent
    hmi_rx.o(.text) refers to _printf_d.o(.ARM.Collect$$_printf_percent$$00000009) for _printf_d
    hmi_rx.o(.text) refers to _printf_s.o(.ARM.Collect$$_printf_percent$$00000014) for _printf_s
    hmi_rx.o(.text) refers to _printf_dec.o(.text) for _printf_int_dec
    hmi_rx.o(.text) refers to _printf_str.o(.text) for _printf_str
    hmi_rx.o(.text) refers to strstr.o(.text) for strstr
    hmi_rx.o(.text) refers to strlen.o(.text) for strlen
    hmi_rx.o(.text) refers to strncpy.o(.text) for strncpy
    hmi_rx.o(.text) refers to __2sprintf.o(.text) for __2sprintf
    hmi_rx.o(.text) refers to strcmpv7m.o(.text) for strcmp
    hmi_rx.o(.text) refers to strcat.o(.text) for strcat
    hmi_rx.o(.text) refers to usart.o(.text) for Usart3_SendString
    hmi_rx.o(.text) refers to main.o(.bss) for yinshi
    hmi_rx.o(.text) refers to hmi_rx.o(.bss) for finalbuffer
    timer.o(.text) refers to stm32f10x_rcc.o(.text) for RCC_APB1PeriphClockCmd
    timer.o(.text) refers to stm32f10x_tim.o(.text) for TIM_InternalClockConfig
    timer.o(.text) refers to misc.o(.text) for NVIC_PriorityGroupConfig
    ad.o(.text) refers to stm32f10x_rcc.o(.text) for RCC_APB2PeriphClockCmd
    ad.o(.text) refers to stm32f10x_gpio.o(.text) for GPIO_Init
    ad.o(.text) refers to stm32f10x_adc.o(.text) for ADC_RegularChannelConfig
    ad.o(.text) refers to stm32f10x_dma.o(.text) for DMA_Init
    ad.o(.text) refers to fflt_clz.o(x$fpl$fflt) for __aeabi_i2f
    ad.o(.text) refers to fdiv.o(x$fpl$fdiv) for __aeabi_fdiv
    ad.o(.text) refers to faddsub_clz.o(x$fpl$frsb) for __aeabi_frsub
    ad.o(.text) refers to fmul.o(x$fpl$fmul) for __aeabi_fmul
    ad.o(.text) refers to ffix.o(x$fpl$ffix) for __aeabi_f2iz
    ad.o(.text) refers to ad.o(.data) for AD_Value
    dht11.o(.text) refers to stm32f10x_gpio.o(.text) for GPIO_Init
    dht11.o(.text) refers to delay.o(.text) for delay_ms
    dht11.o(.text) refers to stm32f10x_rcc.o(.text) for RCC_APB2PeriphClockCmd
    get_huangjing.o(.text) refers to dht11.o(.text) for DHT11_Read_Data
    get_huangjing.o(.text) refers to hmi_rx.o(.text) for Huanjing_temphumi
    get_huangjing.o(.text) refers to delay.o(.text) for delay_ms
    get_huangjing.o(.text) refers to ad.o(.text) for Get_Percentage_value
[...]
    __scatterload                            0x08000139   Thumb Code     0  __scatter.o(!!!scatter)
    __scatterload_rt2                        0x08000139   Thumb Code    44  __scatter.o(!!!scatter)
    __scatterload_rt2_thumb_only             0x08000139   Thumb Code     0  __scatter.o(!!!scatter)
    __scatterload_null                       0x08000147   Thumb Code     0  __scatter.o(!!!scatter)
    __decompress                             0x0800016d   Thumb Code    90  __dczerorl2.o(!!dczerorl2)
    __decompress1                            0x0800016d   Thumb Code     0  __dczerorl2.o(!!dczerorl2)
    __scatterload_zeroinit                   0x080001c9   Thumb Code    28  __scatter_zi.o(!!handler_zi)
    _printf_n                                0x080001e5   Thumb Code     0  _printf_n.o(.ARM.Collect$$_printf_percent$$00000001)
    _printf_percent                          0x080001e5   Thumb Code     0  _printf_percent.o(.ARM.Collect$$_printf_percent$$00000000)
    _printf_p                                0x080001eb   Thumb Code     0  _printf_p.o(.ARM.Collect$$_printf_percent$$00000002)
    _printf_f                                0x080001f1   Thumb Code     0  _printf_f.o(.ARM.Collect$$_printf_percent$$00000003)
    _printf_e                                0x080001f7   Thumb Code     0  _printf_e.o(.ARM.Collect$$_printf_percent$$00000004)
    _printf_g                                0x080001fd   Thumb Code     0  _printf_g.o(.ARM.Collect$$_printf_percent$$00000005)
    _printf_a                                0x08000203   Thumb Code     0  _printf_a.o(.ARM.Collect$$_printf_percent$$00000006)
    _printf_ll                               0x08000209   Thumb Code     0  _printf_ll.o(.ARM.Collect$$_printf_percent$$00000007)
    _printf_i                                0x08000213   Thumb Code     0  _printf_i.o(.ARM.Collect$$_printf_percent$$00000008)
    _printf_d                                0x08000219   Thumb Code     0  _printf_d.o(.ARM.Collect$$_printf_percent$$00000009)
    _printf_u                                0x0800021f   Thumb Code     0  _printf_u.o(.ARM.Collect$$_printf_percent$$0000000A)
    _printf_o                                0x08000225   Thumb Code     0  _printf_o.o(.ARM.Collect$$_printf_percent$$0000000B)
    _printf_x                                0x0800022b   Thumb Code     0  _printf_x.o(.ARM.Collect$$_printf_percent$$0000000C)
    _printf_lli                              0x08000231   Thumb Code     0  _printf_lli.o(.ARM.Collect$$_printf_percent$$0000000D)
    _printf_lld                              0x08000237   Thumb Code     0  _printf_lld.o(.ARM.Collect$$_printf_percent$$0000000E)
    _printf_llu                              0x0800023d   Thumb Code     0  _printf_llu.o(.ARM.Collect$$_printf_percent$$0000000F)
    _printf_llo                              0x08000243   Thumb Code     0  _printf_llo.o(.ARM.Collect$$_printf_percent$$00000010)
    _printf_llx                              0x08000249   Thumb Code     0  _printf_llx.o(.ARM.Collect$$_printf_percent$$00000011)
    _printf_l                                0x0800024f   Thumb Code     0  _printf_l.o(.ARM.Collect$$_printf_percent$$00000012)
    _printf_c                                0x08000259   Thumb Code     0  _printf_c.o(.ARM.Collect$$_printf_percent$$00000013)
    _printf_s                                0x0800025f   Thumb Code     0  _printf_s.o(.ARM.Collect$$_printf_percent$$00000014)
    _printf_lc                               0x08000265   Thumb Code     0  _printf_lc.o(.ARM.Collect$$_printf_percent$$00000015)
    _printf_ls                               0x0800026b   Thumb Code     0  _printf_ls.o(.ARM.Collect$$_printf_percent$$00000016)
    _printf_percent_end                      0x08000271   Thumb Code     0  _printf_percent_end.o(.ARM.Collect$$_printf_percent$$00000017)
    __rt_lib_init                            0x08000275   Thumb Code     0  libinit.o(.ARM.Collect$$libinit$$00000000)
    __rt_lib_init_fp_1                       0x08000277   Thumb Code     0  libinit2.o(.ARM.Collect$$libinit$$00000002)
    __rt_lib_init_heap_1                     0x08000277   Thumb Code     0  libinit2.o(.ARM.Collect$$libinit$$0000000A)
    __rt_lib_init_lc_common                  0x08000277   Thumb Code     0  libinit2.o(.ARM.Collect$$libinit$$0000000F)
    __rt_lib_init_preinit_1                  0x08000277   Thumb Code     0  libinit2.o(.ARM.Collect$$libinit$$00000004)
    __rt_lib_init_rand_1                     0x08000277   Thumb Code     0  libinit2.o(.ARM.Collect$$libinit$$0000000E)
    __rt_lib_init_user_alloc_1               0x08000277   Thumb Code     0  libinit2.o(.ARM.Collect$$libinit$$0000000C)
    __rt_lib_init_lc_collate_1               0x0800027d   Thumb Code     0  libinit2.o(.ARM.Collect$$libinit$$00000011)
    __rt_lib_init_lc_ctype_2                 0x0800027d   Thumb Code     0  libinit2.o(.ARM.Collect$$libinit$$00000012)
    __rt_lib_init_lc_ctype_1                 0x08000289   Thumb Code     0  libinit2.o(.ARM.Collect$$libinit$$00000013)
    __rt_lib_init_lc_monetary_1              0x08000289   Thumb Code     0  libinit2.o(.ARM.Collect$$libinit$$00000015)
    __rt_lib_init_lc_numeric_2               0x08000289   Thumb Code     0  libinit2.o(.ARM.Collect$$libinit$$00000016)
    __rt_lib_init_alloca_1                   0x08000293   Thumb Code     0  libinit2.o(.ARM.Collect$$libinit$$0000002E)
    __rt_lib_init_argv_1                     0x08000293   Thumb Code     0  libinit2.o(.ARM.Collect$$libinit$$0000002C)
    __rt_lib_init_atexit_1                   0x08000293   Thumb Code     0  libinit2.o(.ARM.Collect$$libinit$$0000001B)
    __rt_lib_init_clock_1                    0x08000293   Thumb Code     0  libinit2.o(.ARM.Collect$$libinit$$00000021)
    __rt_lib_init_cpp_1                      0x08000293   Thumb Code     0  libinit2.o(.ARM.Collect$$libinit$$00000032)
    __rt_lib_init_exceptions_1               0x08000293   Thumb Code     0  libinit2.o(.ARM.Collect$$libinit$$00000030)
    __rt_lib_init_fp_trap_1                  0x08000293   Thumb Code     0  libinit2.o(.ARM.Collect$$libinit$$0000001F)
    __rt_lib_init_getenv_1                   0x08000293   Thumb Code     0  libinit2.o(.ARM.Collect$$libinit$$00000023)
    __rt_lib_init_lc_numeric_1               0x08000293   Thumb Code     0  libinit2.o(.ARM.Collect$$libinit$$00000017)
    __rt_lib_init_lc_time_1                  0x08000293   Thumb Code     0  libinit2.o(.ARM.Collect$$libinit$$00000019)
    __rt_lib_init_return                     0x08000293   Thumb Code     0  libinit2.o(.ARM.Collect$$libinit$$00000033)
    __rt_lib_init_signal_1                   0x08000293   Thumb Code     0  libinit2.o(.ARM.Collect$$libinit$$0000001D)
    __rt_lib_init_stdio_1                    0x08000293   Thumb Code     0  libinit2.o(.ARM.Collect$$libinit$$00000025)
    __rt_lib_shutdown                        0x08000295   Thumb Code     0  libshutdown.o(.ARM.Collect$$libshutdown$$00000000)
    __rt_lib_shutdown_cpp_1                  0x08000297   Thumb Code     0  libshutdown2.o(.ARM.Collect$$libshutdown$$00000002)
    __rt_lib_shutdown_fp_trap_1              0x08000297   Thumb Code     0  libshutdown2.o(.ARM.Collect$$libshutdown$$00000007)
    __rt_lib_shutdown_heap_1                 0x08000297   Thumb Code     0  libshutdown2.o(.ARM.Collect$$libshutdown$$0000000F)
    __rt_lib_shutdown_return                 0x08000297   Thumb Code     0  libshutdown2.o(.ARM.Collect$$libshutdown$$00000010)
    __rt_lib_shutdown_signal_1               0x08000297   Thumb Code     0  libshutdown2.o(.ARM.Collect$$libshutdown$$0000000A)
    __rt_lib_shutdown_stdio_1                0x08000297   Thumb Code     0  libshutdown2.o(.ARM.Collect$$libshutdown$$00000004)
    __rt_lib_shutdown_user_alloc_1           0x08000297   Thumb Code     0  libshutdown2.o(.ARM.Collect$$libshutdown$$0000000C)
    __rt_entry                               0x08000299   Thumb Code     0  __rtentry.o(.ARM.Collect$$rtentry$$00000000)
    __rt_entry_presh_1                       0x08000299   Thumb Code     0  __rtentry2.o(.ARM.Collect$$rtentry$$00000002)
    __rt_entry_sh                            0x08000299   Thumb Code     0  __rtentry4.o(.ARM.Collect$$rtentry$$00000004)
    __rt_entry_li                            0x0800029f   Thumb Code     0  __rtentry2.o(.ARM.Collect$$rtentry$$0000000A)
    __rt_entry_postsh_1                      0x0800029f   Thumb Code     0  __rtentry2.o(.ARM.Collect$$rtentry$$00000009)
    __rt_entry_main                          0x080002a3   Thumb Code     0  __rtentry2.o(.ARM.Collect$$rtentry$$0000000D)
    __rt_entry_postli_1                      0x080002a3   Thumb Code     0  __rtentry2.o(.ARM.Collect$$rtentry$$0000000C)
    __rt_exit                                0x080002ab   Thumb Code     0  rtexit.o(.ARM.Collect$$rtexit$$00000000)
    __rt_exit_ls                             0x080002ad   Thumb Code     0  rtexit2.o(.ARM.Collect$$rtexit$$00000003)
    __rt_exit_prels_1                        0x080002ad   Thumb Code     0  rtexit2.o(.ARM.Collect$$rtexit$$00000002)
    __rt_exit_exit                           0x080002b1   Thumb Code     0  rtexit2.o(.ARM.Collect$$rtexit$$00000004)
    NMI_Handler                              0x080002b9   Thumb Code     2  stm32f10x_it.o(.text)
    HardFault_Handler                        0x080002bb   Thumb Code    12  stm32f10x_it.o(.text)
    MemManage_Handler                        0x080002c7   Thumb Code    12  stm32f10x_it.o(.text)
    BusFault_Handler                         0x080002d3   Thumb Code    12  stm32f10x_it.o(.text)
    UsageFault_Handler                       0x080002df   Thumb Code    12  stm32f10x_it.o(.text)
    SVC_Handler                              0x080002eb   Thumb Code     2  stm32f10x_it.o(.text)
    DebugMon_Handler                         0x080002ed   Thumb Code     2  stm32f10x_it.o(.text)
    SysTick_Handler                          0x080002ef   Thumb Code     2  stm32f10x_it.o(.text)
    EXTI0_IRQHandler                         0x080002f1   Thumb Code     2  stm32f10x_it.o(.text)
    RTC_IRQHandler                           0x080002f3   Thumb Code     2  stm32f10x_it.o(.text)
    SystemInit                               0x080004cb   Thumb Code    78  system_stm32f10x.o(.text)
    SystemCoreClockUpdate                    0x08000519   Thumb Code   142  system_stm32f10x.o(.text)
    Reset_Handler                            0x080005cd   Thumb Code     8  startup_stm32f10x_hd.o(.text)
    PendSV_Handler                           0x080005e3   Thumb Code     2  startup_stm32f10x_hd.o(.text)
    ADC1_2_IRQHandler                        0x080005e7   Thumb Code     0  startup_stm32f10x_hd.o(.text)
    ADC3_IRQHandler                          0x080005e7   Thumb Code     0  startup_stm32f10x_hd.o(.text)
    CAN1_RX1_IRQHandler                      0x080005e7   Thumb Code     0  startup_stm32f10x_hd.o(.text)
    CAN1_SCE_IRQHandler                      0x080005e7   Thumb Code     0  startup_stm32f10x_hd.o(.text)
    DMA1_Channel1_IRQHandler                 0x080005e7   Thumb Code     0  startup_stm32f10x_hd.o(.text)
    DMA1_Channel2_IRQHandler                 0x080005e7   Thumb Code     0  startup_stm32f10x_hd.o(.text)
    DMA1_Channel3_IRQHandler                 0x080005e7   Thumb Code     0  startup_stm32f10x_hd.o(.text)
    DMA1_Channel4_IRQHandler                 0x080005e7   Thumb Code     0  startup_stm32f10x_hd.o(.text)
    DMA1_Channel5_IRQHandler                 0x080005e7   Thumb Code     0  startup_stm32f10x_hd.o(.text)
    DMA1_Channel6_IRQHandler                 0x080005e7   Thumb Code     0  startup_stm32f10x_hd.o(.text)
    DMA1_Channel7_IRQHandler                 0x080005e7   Thumb Code     0  startup_stm32f10x_hd.o(.text)
    DMA2_Channel1_IRQHandler                 0x080005e7   Thumb Code     0  startup_stm32f10x_hd.o(.text)
    DMA2_Channel2_IRQHandler                 0x080005e7   Thumb Code     0  startup_stm32f10x_hd.o(.text)
    DMA2_Channel3_IRQHandler                 0x080005e7   Thumb Code     0  startup_stm32f10x_hd.o(.text)
    DMA2_Channel4_5_IRQHandler               0x080005e7   Thumb Code     0  startup_stm32f10x_hd.o(.text)
    EXTI15_10_IRQHandler                     0x080005e7   Thumb Code     0  startup_stm32f10x_hd.o(.text)
    EXTI1_IRQHandler                         0x080005e7   Thumb Code     0  startup_stm32f10x_hd.o(.text)
    EXTI2_IRQHandler                         0x080005e7   Thumb Code     0  startup_stm32f10x_hd.o(.text)
    EXTI3_IRQHandler                         0x080005e7   Thumb Code     0  startup_stm32f10x_hd.o(.text)
    EXTI4_IRQHandler                         0x080005e7   Thumb Code     0  startup_stm32f10x_hd.o(.text)
    EXTI9_5_IRQHandler                       0x080005e7   Thumb Code     0  startup_stm32f10x_hd.o(.text)
    FLASH_IRQHandler                         0x080005e7   Thumb Code     0  startup_stm32f10x_hd.o(.text)
    FSMC_IRQHandler                          0x080005e7   Thumb Code     0  startup_stm32f10x_hd.o(.text)
    I2C1_ER_IRQHandler                       0x080005e7   Thumb Code     0  startup_stm32f10x_hd.o(.text)
    I2C1_EV_IRQHandler                       0x080005e7   Thumb Code     0  startup_stm32f10x_hd.o(.text)
    I2C2_ER_IRQHandler                       0x080005e7   Thumb Code     0  startup_stm32f10x_hd.o(.text)
    I2C2_EV_IRQHandler                       0x080005e7   Thumb Code     0  startup_stm32f10x_hd.o(.text)
    PVD_IRQHandler                           0x080005e7   Thumb Code     0  startup_stm32f10x_hd.o(.text)
    RCC_IRQHandler                           0x080005e7   Thumb Code     0  startup_stm32f10x_hd.o(.text)
    RTCAlarm_IRQHandler                      0x080005e7   Thumb Code     0  startup_stm32f10x_hd.o(.text)
    SDIO_IRQHandler                          0x080005e7   Thumb Code     0  startup_stm32f10x_hd.o(.text)
    SPI1_IRQHandler                          0x080005e7   Thumb Code     0  startup_stm32f10x_hd.o(.text)
    SPI2_IRQHandler                          0x080005e7   Thumb Code     0  startup_stm32f10x_hd.o(.text)
    SPI3_IRQHandler                          0x080005e7   Thumb Code     0  startup_stm32f10x_hd.o(.text)
    TAMPER_IRQHandler                        0x080005e7   Thumb Code     0  startup_stm32f10x_hd.o(.text)
    TIM1_BRK_IRQHandler                      0x080005e7   Thumb Code     0  startup_stm32f10x_hd.o(.text)
    TIM1_CC_IRQHandler                       0x080005e7   Thumb Code     0  startup_stm32f10x_hd.o(.text)
    TIM1_TRG_COM_IRQHandler                  0x080005e7   Thumb Code     0  startup_stm32f10x_hd.o(.text)
    TIM1_UP_IRQHandler                       0x080005e7   Thumb Code     0  startup_stm32f10x_hd.o(.text)
    TIM3_IRQHandler                          0x080005e7   Thumb Code     0  startup_stm32f10x_hd.o(.text)
    TIM4_IRQHandler                          0x080005e7   Thumb Code     0  startup_stm32f10x_hd.o(.text)
    TIM5_IRQHandler                          0x080005e7   Thumb Code     0  startup_stm32f10x_hd.o(.text)
    TIM6_IRQHandler                          0x080005e7   Thumb Code     0  startup_stm32f10x_hd.o(.text)
    TIM7_IRQHandler                          0x080005e7   Thumb Code     0  startup_stm32f10x_hd.o(.text)
    TIM8_BRK_IRQHandler                      0x080005e7   Thumb Code     0  startup_stm32f10x_hd.o(.text)
    TIM8_CC_IRQHandler                       0x080005e7   Thumb Code     0  startup_stm32f10x_hd.o(.text)
    TIM8_TRG_COM_IRQHandler                  0x080005e7   Thumb Code     0  startup_stm32f10x_hd.o(.text)
    TIM8_UP_IRQHandler                       0x080005e7   Thumb Code     0  startup_stm32f10x_hd.o(.text)
    UART4_IRQHandler                         0x080005e7   Thumb Code     0  startup_stm32f10x_hd.o(.text)
    UART5_IRQHandler                         0x080005e7   Thumb Code     0  startup_stm32f10x_hd.o(.text)
    USART1_IRQHandler                        0x080005e7   Thumb Code     0  startup_stm32f10x_hd.o(.text)
    USBWakeUp_IRQHandler                     0x080005e7   Thumb Code     0  startup_stm32f10x_hd.o(.text)
    USB_HP_CAN1_TX_IRQHandler                0x080005e7   Thumb Code     0  startup_stm32f10x_hd.o(.text)
    USB_LP_CAN1_RX0_IRQHandler               0x080005e7   Thumb Code     0  startup_stm32f10x_hd.o(.text)
    WWDG_IRQHandler                          0x080005e7   Thumb Code     0  startup_stm32f10x_hd.o(.text)
    __user_initial_stackheap                 0x080005e9   Thumb Code     0  startup_stm32f10x_hd.o(.text)
    RCC_DeInit                               0x0800060d   Thumb Code    64  stm32f10x_rcc.o(.text)
    RCC_HSEConfig                            0x0800064d   Thumb Code    70  stm32f10x_rcc.o(.text)
    RCC_GetFlagStatus                        0x08000693   Thumb Code    56  stm32f10x_rcc.o(.text)
    RCC_WaitForHSEStartUp                    0x080006cb   Thumb Code    56  stm32f10x_rcc.o(.text)
    RCC_AdjustHSICalibrationValue            0x08000703   Thumb Code    20  stm32f10x_rcc.o(.text)
    RCC_HSICmd                               0x08000717   Thumb Code     6  stm32f10x_rcc.o(.text)
    RCC_PLLConfig                            0x0800071d   Thumb Code    24  stm32f10x_rcc.o(.text)
    RCC_PLLCmd                               0x08000735   Thumb Code     6  stm32f10x_rcc.o(.text)
    RCC_SYSCLKConfig                         0x0800073b   Thumb Code    18  stm32f10x_rcc.o(.text)
    RCC_GetSYSCLKSource                      0x0800074d   Thumb Code    10  stm32f10x_rcc.o(.text)
    RCC_HCLKConfig                           0x08000757   Thumb Code    18  stm32f10x_rcc.o(.text)
    RCC_PCLK1Config                          0x08000769   Thumb Code    18  stm32f10x_rcc.o(.text)
    RCC_PCLK2Config                          0x0800077b   Thumb Code    20  stm32f10x_rcc.o(.text)
    RCC_ITConfig                             0x0800078f   Thumb Code    26  stm32f10x_rcc.o(.text)
    RCC_USBCLKConfig                         0x080007a9   Thumb Code     8  stm32f10x_rcc.o(.text)
    RCC_ADCCLKConfig                         0x080007b1   Thumb Code    18  stm32f10x_rcc.o(.text)
    RCC_LSEConfig                            0x080007c3   Thumb Code    50  stm32f10x_rcc.o(.text)
    RCC_LSICmd                               0x080007f5   Thumb Code     6  stm32f10x_rcc.o(.text)
    RCC_RTCCLKConfig                         0x080007fb   Thumb Code    12  stm32f10x_rcc.o(.text)
    RCC_RTCCLKCmd                            0x08000807   Thumb Code     8  stm32f10x_rcc.o(.text)
    RCC_GetClocksFreq                        0x0800080f   Thumb Code   192  stm32f10x_rcc.o(.text)
    RCC_AHBPeriphClockCmd                    0x080008cf   Thumb Code    26  stm32f10x_rcc.o(.text)
    RCC_APB2PeriphClockCmd                   0x080008e9   Thumb Code    26  stm32f10x_rcc.o(.text)
    RCC_APB1PeriphClockCmd                   0x08000903   Thumb Code    26  stm32f10x_rcc.o(.text)
    RCC_APB2PeriphResetCmd                   0x0800091d   Thumb Code    26  stm32f10x_rcc.o(.text)
    RCC_APB1PeriphResetCmd                   0x08000937   Thumb Code    26  stm32f10x_rcc.o(.text)
    RCC_BackupResetCmd                       0x08000951   Thumb Code     8  stm32f10x_rcc.o(.text)
    RCC_ClockSecuritySystemCmd               0x08000959   Thumb Code     6  stm32f10x_rcc.o(.text)
    RCC_MCOConfig                            0x0800095f   Thumb Code     6  stm32f10x_rcc.o(.text)
    RCC_ClearFlag                            0x08000965   Thumb Code    14  stm32f10x_rcc.o(.text)
    RCC_GetITStatus                          0x08000973   Thumb Code    20  stm32f10x_rcc.o(.text)
    RCC_ClearITPendingBit                    0x08000987   Thumb Code     6  stm32f10x_rcc.o(.text)
    NVIC_PriorityGroupConfig                 0x080009b1   Thumb Code    10  misc.o(.text)
    NVIC_Init                                0x080009bb   Thumb Code   100  misc.o(.text)
    NVIC_SetVectorTable                      0x08000a1f   Thumb Code    14  misc.o(.text)
    NVIC_SystemLPConfig                      0x08000a2d   Thumb Code    34  misc.o(.text)
    SysTick_CLKSourceConfig                  0x08000a4f   Thumb Code    40  misc.o(.text)
    GPIO_DeInit                              0x08000a8d   Thumb Code   172  stm32f10x_gpio.o(.text)
    GPIO_AFIODeInit                          0x08000b39   Thumb Code    20  stm32f10x_gpio.o(.text)
    GPIO_Init                                0x08000b4d   Thumb Code   278  stm32f10x_gpio.o(.text)
    GPIO_StructInit                          0x08000c63   Thumb Code    16  stm32f10x_gpio.o(.text)
    GPIO_ReadInputDataBit                    0x08000c73   Thumb Code    18  stm32f10x_gpio.o(.text)
    GPIO_ReadInputData                       0x08000c85   Thumb Code     8  stm32f10x_gpio.o(.text)
    GPIO_ReadOutputDataBit                   0x08000c8d   Thumb Code    18  stm32f10x_gpio.o(.text)
    GPIO_ReadOutputData                      0x08000c9f   Thumb Code     8  stm32f10x_gpio.o(.text)
    GPIO_SetBits                             0x08000ca7   Thumb Code     4  stm32f10x_gpio.o(.text)
    GPIO_ResetBits                           0x08000cab   Thumb Code     4  stm32f10x_gpio.o(.text)
    GPIO_WriteBit                            0x08000caf   Thumb Code    10  stm32f10x_gpio.o(.text)
    GPIO_Write                               0x08000cb9   Thumb Code     4  stm32f10x_gpio.o(.text)
    GPIO_PinLockConfig                       0x08000cbd   Thumb Code    18  stm32f10x_gpio.o(.text)
    GPIO_EventOutputConfig                   0x08000ccf   Thumb Code    26  stm32f10x_gpio.o(.text)
    GPIO_EventOutputCmd                      0x08000ce9   Thumb Code     6  stm32f10x_gpio.o(.text)
    GPIO_PinRemapConfig                      0x08000cef   Thumb Code   138  stm32f10x_gpio.o(.text)
    GPIO_EXTILineConfig                      0x08000d79   Thumb Code    66  stm32f10x_gpio.o(.text)
    GPIO_ETH_MediaInterfaceConfig            0x08000dbb   Thumb Code     8  stm32f10x_gpio.o(.text)
    USART_DeInit                             0x08000de9   Thumb Code   134  stm32f10x_usart.o(.text)
    USART_Init                               0x08000e6f   Thumb Code   210  stm32f10x_usart.o(.text)
    USART_StructInit                         0x08000f41   Thumb Code    24  stm32f10x_usart.o(.text)
    USART_ClockInit                          0x08000f59   Thumb Code    34  stm32f10x_usart.o(.text)
    USART_ClockStructInit                    0x08000f7b   Thumb Code    12  stm32f10x_usart.o(.text)
    USART_Cmd                                0x08000f87   Thumb Code    24  stm32f10x_usart.o(.text)
    USART_ITConfig                           0x08000f9f   Thumb Code    74  stm32f10x_usart.o(.text)
    USART_DMACmd                             0x08000fe9   Thumb Code    18  stm32f10x_usart.o(.text)
    USART_SetAddress                         0x08000ffb   Thumb Code    18  stm32f10x_usart.o(.text)
    USART_WakeUpConfig                       0x0800100d   Thumb Code    18  stm32f10x_usart.o(.text)
    USART_ReceiverWakeUpCmd                  0x0800101f   Thumb Code    24  stm32f10x_usart.o(.text)
    USART_LINBreakDetectLengthConfig         0x08001037   Thumb Code    18  stm32f10x_usart.o(.text)
    USART_LINCmd                             0x08001049   Thumb Code    24  stm32f10x_usart.o(.text)
    USART_SendData                           0x08001061   Thumb Code     8  stm32f10x_usart.o(.text)
    USART_ReceiveData                        0x08001069   Thumb Code    10  stm32f10x_usart.o(.text)
    USART_SendBreak                          0x08001073   Thumb Code    10  stm32f10x_usart.o(.text)
    USART_SetGuardTime                       0x0800107d   Thumb Code    16  stm32f10x_usart.o(.text)
    USART_SetPrescaler                       0x0800108d   Thumb Code    16  stm32f10x_usart.o(.text)
    USART_SmartCardCmd                       0x0800109d   Thumb Code    24  stm32f10x_usart.o(.text)
    USART_SmartCardNACKCmd                   0x080010b5   Thumb Code    24  stm32f10x_usart.o(.text)
    USART_HalfDuplexCmd                      0x080010cd   Thumb Code    24  stm32f10x_usart.o(.text)
    USART_OverSampling8Cmd                   0x080010e5   Thumb Code    22  stm32f10x_usart.o(.text)
    USART_OneBitMethodCmd                    0x080010fb   Thumb Code    24  stm32f10x_usart.o(.text)
    USART_IrDAConfig                         0x08001113   Thumb Code    18  stm32f10x_usart.o(.text)
    USART_IrDACmd                            0x08001125   Thumb Code    24  stm32f10x_usart.o(.text)
    USART_GetFlagStatus                      0x0800113d   Thumb Code    26  stm32f10x_usart.o(.text)
    USART_ClearFlag                          0x08001157   Thumb Code    18  stm32f10x_usart.o(.text)
    USART_GetITStatus                        0x08001169   Thumb Code    84  stm32f10x_usart.o(.text)
    USART_ClearITPendingBit                  0x080011bd   Thumb Code    52  stm32f10x_usart.o(.text)
    TIM_DeInit                               0x080011f1   Thumb Code   424  stm32f10x_tim.o(.text)
    TIM_TimeBaseInit                         0x08001399   Thumb Code   122  stm32f10x_tim.o(.text)
    TIM_OC1Init                              0x08001413   Thumb Code   132  stm32f10x_tim.o(.text)
    TIM_OC2Init                              0x08001497   Thumb Code   154  stm32f10x_tim.o(.text)
    TIM_OC3Init                              0x08001531   Thumb Code   150  stm32f10x_tim.o(.text)
    TIM_OC4Init                              0x080015c7   Thumb Code   182  stm32f10x_tim.o(.text)
    TIM_SetIC4Prescaler                      0x0800167d   Thumb Code    26  stm32f10x_tim.o(.text)
    TIM_SetIC3Prescaler                      0x08001719   Thumb Code    18  stm32f10x_tim.o(.text)
    TIM_SetIC2Prescaler                      0x080017a5   Thumb Code    26  stm32f10x_tim.o(.text)
    TIM_SetIC1Prescaler                      0x08001841   Thumb Code    18  stm32f10x_tim.o(.text)
    TIM_ICInit                               0x080018bf   Thumb Code   150  stm32f10x_tim.o(.text)
    TIM_PWMIConfig                           0x08001955   Thumb Code   124  stm32f10x_tim.o(.text)
    TIM_BDTRConfig                           0x080019d1   Thumb Code    32  stm32f10x_tim.o(.text)
    TIM_TimeBaseStructInit                   0x080019f1   Thumb Code    18  stm32f10x_tim.o(.text)
    TIM_OCStructInit                         0x08001a03   Thumb Code    20  stm32f10x_tim.o(.text)
    TIM_ICStructInit                         0x08001a17   Thumb Code    18  stm32f10x_tim.o(.text)
    TIM_BDTRStructInit                       0x08001a29   Thumb Code    40  stm32f10x_tim.o(.text)
    TIM_Cmd                                  0x08001a51   Thumb Code    24  stm32f10x_tim.o(.text)
    TIM_CtrlPWMOutputs                       0x08001a69   Thumb Code    30  stm32f10x_tim.o(.text)
    TIM_ITConfig                             0x08001a87   Thumb Code    18  stm32f10x_tim.o(.text)
    TIM_GenerateEvent                        0x08001a99   Thumb Code     4  stm32f10x_tim.o(.text)
    TIM_DMAConfig                            0x08001a9d   Thumb Code    10  stm32f10x_tim.o(.text)
    TIM_DMACmd                               0x08001aa7   Thumb Code    18  stm32f10x_tim.o(.text)
    TIM_InternalClockConfig                  0x08001ab9   Thumb Code    12  stm32f10x_tim.o(.text)
    TIM_SelectInputTrigger                   0x08001ac5   Thumb Code    18  stm32f10x_tim.o(.text)
    TIM_ITRxExternalClockConfig              0x08001ad7   Thumb Code    24  stm32f10x_tim.o(.text)
    TIM_TIxExternalClockConfig               0x08001aef   Thumb Code    62  stm32f10x_tim.o(.text)
    TIM_ETRConfig                            0x08001b2d   Thumb Code    28  stm32f10x_tim.o(.text)
    TIM_ETRClockMode1Config                  0x08001b49   Thumb Code    54  stm32f10x_tim.o(.text)
    TIM_ETRClockMode2Config                  0x08001b7f   Thumb Code    32  stm32f10x_tim.o(.text)
    TIM_PrescalerConfig                      0x08001b9f   Thumb Code     6  stm32f10x_tim.o(.text)
    TIM_CounterModeConfig                    0x08001ba5   Thumb Code    18  stm32f10x_tim.o(.text)
    TIM_EncoderInterfaceConfig               0x08001bb7   Thumb Code    66  stm32f10x_tim.o(.text)
    TIM_ForcedOC1Config                      0x08001bf9   Thumb Code    18  stm32f10x_tim.o(.text)
    TIM_ForcedOC2Config                      0x08001c0b   Thumb Code    26  stm32f10x_tim.o(.text)
    TIM_ForcedOC3Config                      0x08001c25   Thumb Code    18  stm32f10x_tim.o(.text)
    TIM_ForcedOC4Config                      0x08001c37   Thumb Code    26  stm32f10x_tim.o(.text)
    TIM_ARRPreloadConfig                     0x08001c51   Thumb Code    24  stm32f10x_tim.o(.text)
    TIM_SelectCOM                            0x08001c69   Thumb Code    24  stm32f10x_tim.o(.text)
    TIM_SelectCCDMA                          0x08001c81   Thumb Code    24  stm32f10x_tim.o(.text)
    TIM_CCPreloadControl                     0x08001c99   Thumb Code    24  stm32f10x_tim.o(.text)
    TIM_OC1PreloadConfig                     0x08001cb1   Thumb Code    18  stm32f10x_tim.o(.text)
    TIM_OC2PreloadConfig                     0x08001cc3   Thumb Code    26  stm32f10x_tim.o(.text)
    TIM_OC3PreloadConfig                     0x08001cdd   Thumb Code    18  stm32f10x_tim.o(.text)
    TIM_OC4PreloadConfig                     0x08001cef   Thumb Code    26  stm32f10x_tim.o(.text)
    TIM_OC1FastConfig                        0x08001d09   Thumb Code    18  stm32f10x_tim.o(.text)
    TIM_OC2FastConfig                        0x08001d1b   Thumb Code    26  stm32f10x_tim.o(.text)
    TIM_OC3FastConfig                        0x08001d35   Thumb Code    18  stm32f10x_tim.o(.text)
    TIM_OC4FastConfig                        0x08001d47   Thumb Code    26  stm32f10x_tim.o(.text)
    TIM_ClearOC1Ref                          0x08001d61   Thumb Code    18  stm32f10x_tim.o(.text)
    TIM_ClearOC2Ref                          0x08001d73   Thumb Code    24  stm32f10x_tim.o(.text)
    TIM_ClearOC3Ref                          0x08001d8b   Thumb Code    18  stm32f10x_tim.o(.text)
    TIM_ClearOC4Ref                          0x08001d9d   Thumb Code    24  stm32f10x_tim.o(.text)
    TIM_OC1PolarityConfig                    0x08001db5   Thumb Code    18  stm32f10x_tim.o(.text)
    TIM_OC1NPolarityConfig                   0x08001dc7   Thumb Code    18  stm32f10x_tim.o(.text)
    TIM_OC2PolarityConfig                    0x08001dd9   Thumb Code    26  stm32f10x_tim.o(.text)
    TIM_OC2NPolarityConfig                   0x08001df3   Thumb Code    26  stm32f10x_tim.o(.text)
    TIM_OC3PolarityConfig                    0x08001e0d   Thumb Code    26  stm32f10x_tim.o(.text)
    TIM_OC3NPolarityConfig                   0x08001e27   Thumb Code    26  stm32f10x_tim.o(.text)
    TIM_OC4PolarityConfig                    0x08001e41   Thumb Code    26  stm32f10x_tim.o(.text)
    TIM_CCxCmd                               0x08001e5b   Thumb Code    30  stm32f10x_tim.o(.text)
    TIM_CCxNCmd                              0x08001e79   Thumb Code    30  stm32f10x_tim.o(.text)
    TIM_SelectOCxM                           0x08001e97   Thumb Code    82  stm32f10x_tim.o(.text)
    TIM_UpdateDisableConfig                  0x08001ee9   Thumb Code    24  stm32f10x_tim.o(.text)
    TIM_UpdateRequestConfig                  0x08001f01   Thumb Code    24  stm32f10x_tim.o(.text)
    TIM_SelectHallSensor                     0x08001f19   Thumb Code    24  stm32f10x_tim.o(.text)
    TIM_SelectOnePulseMode                   0x08001f31   Thumb Code    18  stm32f10x_tim.o(.text)
    TIM_SelectOutputTrigger                  0x08001f43   Thumb Code    18  stm32f10x_tim.o(.text)
    TIM_SelectSlaveMode                      0x08001f55   Thumb Code    18  stm32f10x_tim.o(.text)
    TIM_SelectMasterSlaveMode                0x08001f67   Thumb Code    18  stm32f10x_tim.o(.text)
    TIM_SetCounter                           0x08001f79   Thumb Code     4  stm32f10x_tim.o(.text)
    TIM_SetAutoreload                        0x08001f7d   Thumb Code     4  stm32f10x_tim.o(.text)
    TIM_SetCompare1                          0x08001f81   Thumb Code     4  stm32f10x_tim.o(.text)
    TIM_SetCompare2                          0x08001f85   Thumb Code     4  stm32f10x_tim.o(.text)
    TIM_SetCompare3                          0x08001f89   Thumb Code     4  stm32f10x_tim.o(.text)
    TIM_SetCompare4                          0x08001f8d   Thumb Code     6  stm32f10x_tim.o(.text)
    TIM_SetClockDivision                     0x08001f93   Thumb Code    18  stm32f10x_tim.o(.text)
    TIM_GetCapture1                          0x08001fa5   Thumb Code     6  stm32f10x_tim.o(.text)
    TIM_GetCapture2                          0x08001fab   Thumb Code     6  stm32f10x_tim.o(.text)
    TIM_GetCapture3                          0x08001fb1   Thumb Code     6  stm32f10x_tim.o(.text)
    TIM_GetCapture4                          0x08001fb7   Thumb Code     8  stm32f10x_tim.o(.text)
    TIM_GetCounter                           0x08001fbf   Thumb Code     6  stm32f10x_tim.o(.text)
    TIM_GetPrescaler                         0x08001fc5   Thumb Code     6  stm32f10x_tim.o(.text)
    TIM_GetFlagStatus                        0x08001fcb   Thumb Code    18  stm32f10x_tim.o(.text)
    TIM_ClearFlag                            0x08001fdd   Thumb Code     6  stm32f10x_tim.o(.text)
    TIM_GetITStatus                          0x08001fe3   Thumb Code    34  stm32f10x_tim.o(.text)
    TIM_ClearITPendingBit                    0x08002005   Thumb Code     6  stm32f10x_tim.o(.text)
    ADC_DeInit                               0x0800200d   Thumb Code    78  stm32f10x_adc.o(.text)
    ADC_Init                                 0x0800205b   Thumb Code    70  stm32f10x_adc.o(.text)
    ADC_StructInit                           0x080020a1   Thumb Code    18  stm32f10x_adc.o(.text)
    ADC_Cmd                                  0x080020b3   Thumb Code    22  stm32f10x_adc.o(.text)
    ADC_DMACmd                               0x080020c9   Thumb Code    22  stm32f10x_adc.o(.text)
    ADC_ITConfig                             0x080020df   Thumb Code    24  stm32f10x_adc.o(.text)
    ADC_ResetCalibration                     0x080020f7   Thumb Code    10  stm32f10x_adc.o(.text)
    ADC_GetResetCalibrationStatus            0x08002101   Thumb Code    20  stm32f10x_adc.o(.text)
    ADC_StartCalibration                     0x08002115   Thumb Code    10  stm32f10x_adc.o(.text)
    ADC_GetCalibrationStatus                 0x0800211f   Thumb Code    20  stm32f10x_adc.o(.text)
    ADC_SoftwareStartConvCmd                 0x08002133   Thumb Code    22  stm32f10x_adc.o(.text)
    ADC_GetSoftwareStartConvStatus           0x08002149   Thumb Code    20  stm32f10x_adc.o(.text)
    ADC_DiscModeChannelCountConfig           0x0800215d   Thumb Code    24  stm32f10x_adc.o(.text)
    ADC_DiscModeCmd                          0x08002175   Thumb Code    22  stm32f10x_adc.o(.text)
    ADC_RegularChannelConfig                 0x0800218b   Thumb Code   184  stm32f10x_adc.o(.text)
    ADC_ExternalTrigConvCmd                  0x08002243   Thumb Code    22  stm32f10x_adc.o(.text)
    ADC_GetConversionValue                   0x08002259   Thumb Code     8  stm32f10x_adc.o(.text)
    ADC_GetDualModeConversionValue           0x08002261   Thumb Code     8  stm32f10x_adc.o(.text)
    ADC_AutoInjectedConvCmd                  0x08002269   Thumb Code    22  stm32f10x_adc.o(.text)
    ADC_InjectedDiscModeCmd                  0x0800227f   Thumb Code    22  stm32f10x_adc.o(.text)
    ADC_ExternalTrigInjectedConvConfig       0x08002295   Thumb Code    16  stm32f10x_adc.o(.text)
    ADC_ExternalTrigInjectedConvCmd          0x080022a5   Thumb Code    22  stm32f10x_adc.o(.text)
    ADC_SoftwareStartInjectedConvCmd         0x080022bb   Thumb Code    22  stm32f10x_adc.o(.text)
    ADC_GetSoftwareStartInjectedConvCmdStatus 0x080022d1   Thumb Code    20  stm32f10x_adc.o(.text)
    ADC_InjectedChannelConfig                0x080022e5   Thumb Code   130  stm32f10x_adc.o(.text)
    ADC_InjectedSequencerLengthConfig        0x08002367   Thumb Code    24  stm32f10x_adc.o(.text)
    ADC_SetInjectedOffset                    0x0800237f   Thumb Code    20  stm32f10x_adc.o(.text)
    ADC_GetInjectedConversionValue           0x08002393   Thumb Code    28  stm32f10x_adc.o(.text)
    ADC_AnalogWatchdogCmd                    0x080023af   Thumb Code    16  stm32f10x_adc.o(.text)
    ADC_AnalogWatchdogThresholdsConfig       0x080023bf   Thumb Code     6  stm32f10x_adc.o(.text)
    ADC_AnalogWatchdogSingleChannelConfig    0x080023c5   Thumb Code    16  stm32f10x_adc.o(.text)
    ADC_TempSensorVrefintCmd                 0x080023d5   Thumb Code    64  stm32f10x_adc.o(.text)
    ADC_GetFlagStatus                        0x08002415   Thumb Code    18  stm32f10x_adc.o(.text)
    ADC_ClearFlag                            0x08002427   Thumb Code     6  stm32f10x_adc.o(.text)
    ADC_GetITStatus                          0x0800242d   Thumb Code    36  stm32f10x_adc.o(.text)
    ADC_ClearITPendingBit                    0x08002451   Thumb Code    10  stm32f10x_adc.o(.text)
    DMA_DeInit                               0x0800245d   Thumb Code   324  stm32f10x_dma.o(.text)
    DMA_Init                                 0x080025a1   Thumb Code    60  stm32f10x_dma.o(.text)
    DMA_StructInit                           0x080025dd   Thumb Code    26  stm32f10x_dma.o(.text)
    DMA_Cmd                                  0x080025f7   Thumb Code    24  stm32f10x_dma.o(.text)
    DMA_ITConfig                             0x0800260f   Thumb Code    18  stm32f10x_dma.o(.text)
    DMA_SetCurrDataCounter                   0x08002621   Thumb Code     4  stm32f10x_dma.o(.text)
    DMA_GetCurrDataCounter                   0x08002625   Thumb Code     8  stm32f10x_dma.o(.text)
    DMA_GetFlagStatus                        0x0800262d   Thumb Code    40  stm32f10x_dma.o(.text)
    DMA_ClearFlag                            0x08002655   Thumb Code    22  stm32f10x_dma.o(.text)
    DMA_GetITStatus                          0x0800266b   Thumb Code    40  stm32f10x_dma.o(.text)
    DMA_ClearITPendingBit                    0x08002693   Thumb Code    22  stm32f10x_dma.o(.text)
    Delay_Init                               0x080026b1   Thumb Code    48  delay.o(.text)
    delay_us                                 0x080026e1   Thumb Code    60  delay.o(.text)
    delay_ms                                 0x0800271d   Thumb Code    66  delay.o(.text)
    Usart1_Init                              0x08002769   Thumb Code   172  usart.o(.text)
    Usart2_Init                              0x08002815   Thumb Code   162  usart.o(.text)
    Usart3_Init                              0x080028b7   Thumb Code   172  usart.o(.text)
    Usart3_SendByte                          0x08002963   Thumb Code    28  usart.o(.text)
    Usart3_SendString                        0x0800297f   Thumb Code    24  usart.o(.text)
    Usart_SendString                         0x08002997   Thumb Code    50  usart.o(.text)
    UsartPrintf                              0x080029c9   Thumb Code    80  usart.o(.text)
    USART3_IRQHandler                        0x08002a19   Thumb Code   140  usart.o(.text)
    extractField                             0x08002ac9   Thumb Code   126  hmi_rx.o(.text)
    storeData                                0x08002b47   Thumb Code   186  hmi_rx.o(.text)
    peopleData                               0x08002c01   Thumb Code    48  hmi_rx.o(.text)
    healthyData                              0x08002c31   Thumb Code   216  hmi_rx.o(.text)
    Huanjing_temphumi                        0x08002d09   Thumb Code    34  hmi_rx.o(.text)
    Huanjing_mq134fire                       0x08002d2b   Thumb Code    34  hmi_rx.o(.text)
    Question                                 0x08002d4d   Thumb Code    84  hmi_rx.o(.text)
    Timer_Init                               0x08002ee1   Thumb Code   126  timer.o(.text)
    AD_Init                                  0x08002f61   Thumb Code   250  ad.o(.text)
    Get_Adc_Dma_Value                        0x0800305b   Thumb Code    34  ad.o(.text)
    Get_Percentage_value                     0x0800307d   Thumb Code    76  ad.o(.text)
    DHT11_Mode                               0x080030dd   Thumb Code    48  dht11.o(.text)
    DHT11_Rst                                0x0800310d   Thumb Code    38  dht11.o(.text)
    DHT11_Check                              0x08003133   Thumb Code    84  dht11.o(.text)
    DHT11_Read_Bit                           0x08003187   Thumb Code    82  dht11.o(.text)
    DHT11_Read_Byte                          0x080031d9   Thumb Code    30  dht11.o(.text)
    DHT11_Read_Data                          0x080031f7   Thumb Code    88  dht11.o(.text)
    DHT11_Init                               0x0800324f   Thumb Code    54  dht11.o(.text)
    Huanjing_Get                             0x08003289   Thumb Code   282  get_huangjing.o(.text)
    MAX30102_IIC_SDA_OUT                     0x0800342d   Thumb Code    32  max30102.o(.text)
    MAX30102_IIC_Stop                        0x0800344d   Thumb Code    44  max30102.o(.text)
    MAX30102_IIC_SDA_IN                      0x08003479   Thumb Code    32  max30102.o(.text)
    MAX30102_IIC_Wait_Ack                    0x08003499   Thumb Code    68  max30102.o(.text)
    MAX30102_IIC_Send_Byte                   0x080034dd   Thumb Code    72  max30102.o(.text)
    MAX30102_IIC_Start                       0x08003525   Thumb Code    50  max30102.o(.text)
    max30102_Bus_Write                       0x08003557   Thumb Code    68  max30102.o(.text)
    MAX30102_IIC_NAck                        0x0800359b   Thumb Code    48  max30102.o(.text)
    MAX30102_IIC_Ack                         0x080035cb   Thumb Code    48  max30102.o(.text)
    MAX30102_IIC_Read_Byte                   0x080035fb   Thumb Code    80  max30102.o(.text)
    max30102_Bus_Read                        0x0800364b   Thumb Code    82  max30102.o(.text)
    max30102_FIFO_ReadWords                  0x0800369d   Thumb Code   168  max30102.o(.text)
    max30102_FIFO_ReadBytes                  0x08003745   Thumb Code   128  max30102.o(.text)
    MAX30102_Reset                           0x080037c5   Thumb Code    20  max30102.o(.text)
    MAX30102_IIC_Init                        0x080037d9   Thumb Code    52  max30102.o(.text)
    MAX30102_Init                            0x0800380d   Thumb Code   144  max30102.o(.text)
    MAX30102_IIC_Write_One_Byte              0x0800389d   Thumb Code    54  max30102.o(.text)
    maxim_max30102_write_reg                 0x080038d3   Thumb Code    18  max30102.o(.text)
    MAX30102_IIC_Read_One_Byte               0x080038e5   Thumb Code    62  max30102.o(.text)
    maxim_max30102_read_reg                  0x08003923   Thumb Code    18  max30102.o(.text)
    MAX30102_IIC_ReadBytes                   0x08003935   Thumb Code    94  max30102.o(.text)
    maxim_max30102_read_fifo                 0x08003993   Thumb Code   124  max30102.o(.text)
    MAX30102_IIC_WriteBytes                  0x08003a0f   Thumb Code    60  max30102.o(.text)
    maxim_sort_ascend                        0x08003a4b   Thumb Code    54  max30102.o(.text)
    maxim_sort_indices_descend               0x08003a81   Thumb Code    64  max30102.o(.text)
    maxim_remove_close_peaks                 0x08003ac1   Thumb Code   114  max30102.o(.text)
    maxim_peaks_above_min_height             0x08003b33   Thumb Code   122  max30102.o(.text)
    maxim_find_peaks                         0x08003bad   Thumb Code    66  max30102.o(.text)
    maxim_heart_rate_and_oxygen_saturation   0x08003bef   Thumb Code  1272  max30102.o(.text)
    Read_30102                               0x080040f1   Thumb Code   828  read30102.o(.text)
    Usart_Pro                                0x080044a9   Thumb Code   364  main.o(.text)
    main                                     0x08004615   Thumb Code   148  main.o(.text)
    TIM2_IRQHandler                          0x080046a9   Thumb Code    34  main.o(.text)
    ESP8266_Clear                            0x0800486d   Thumb Code    20  esp8266.o(.text)
    ESP8266_WaitRecive                       0x08004881   Thumb Code    42  esp8266.o(.text)
    ESP8266_SendCmd                          0x080048ab   Thumb Code    76  esp8266.o(.text)
    ESP8266_SendCmd1                         0x080048f7   Thumb Code    54  esp8266.o(.text)
    printContentToScreen                     0x0800492d   Thumb Code    84  esp8266.o(.text)
    Aliyun_Service                           0x08004981   Thumb Code   106  esp8266.o(.text)
    Aliyun_Service_yinshi                    0x080049eb   Thumb Code   106  esp8266.o(.text)
    ESP8266_Init                             0x08004a55   Thumb Code   196  esp8266.o(.text)
    USART2_IRQHandler                        0x08004b19   Thumb Code    64  esp8266.o(.text)
    vsnprintf                                0x08004c31   Thumb Code    48  vsnprintf.o(.text)
    __2sprintf                               0x08004c65   Thumb Code    38  __2sprintf.o(.text)
    _printf_str                              0x08004c91   Thumb Code    82  _printf_str.o(.text)
    _printf_int_dec                          0x08004ce5   Thumb Code   104  _printf_dec.o(.text)
    __printf                                 0x08004d5d   Thumb Code   388  __printf_flags_ss_wp.o(.text)
    strstr                                   0x08004ee5   Thumb Code    36  strstr.o(.text)
    strcpy                                   0x08004f09   Thumb Code    72  strcpy.o(.text)
    strlen                                   0x08004f51   Thumb Code    62  strlen.o(.text)
    strcat                                   0x08004f8f   Thumb Code    24  strcat.o(.text)
    __aeabi_memclr                           0x08004fa7   Thumb Code     0  rt_memclr.o(.text)
    __rt_memclr                              0x08004fa7   Thumb Code    68  rt_memclr.o(.text)
    _memset                                  0x08004fab   Thumb Code     0  rt_memclr.o(.text)
    strncpy                                  0x08004feb   Thumb Code    86  strncpy.o(.text)
    strcmp                                   0x08005041   Thumb Code   128  strcmpv7m.o(.text)
    __use_two_region_memory                  0x080050c1   Thumb Code     2  heapauxi.o(.text)
    __rt_heap_escrow$2region                 0x080050c3   Thumb Code     2  heapauxi.o(.text)
    __rt_heap_expand$2region                 0x080050c5   Thumb Code     2  heapauxi.o(.text)
    _printf_pre_padding                      0x080050c7   Thumb Code    44  _printf_pad.o(.text)
    _printf_post_padding                     0x080050f3   Thumb Code    34  _printf_pad.o(.text)
    _printf_truncate_signed                  0x08005115   Thumb Code    18  _printf_truncate.o(.text)
    _printf_truncate_unsigned                0x08005127   Thumb Code    18  _printf_truncate.o(.text)
    _printf_int_common                       0x08005139   Thumb Code   178  _printf_intcommon.o(.text)
    _printf_charcount                        0x080051eb   Thumb Code    40  _printf_charcount.o(.text)
    _printf_char_common                      0x0800521f   Thumb Code    32  _printf_char_common.o(.text)
    _sputc                                   0x08005245   Thumb Code    10  _sputc.o(.text)
    _snputc                                  0x0800524f   Thumb Code    16  _snputc.o(.text)
    _printf_cs_common                        0x0800525f   Thumb Code    20  _printf_char.o(.text)
    _printf_char                             0x08005273   Thumb Code    16  _printf_char.o(.text)
    _printf_string                           0x08005283   Thumb Code     8  _printf_char.o(.text)
    _printf_wctomb                           0x0800528d   Thumb Code   182  _printf_wctomb.o(.text)
    _printf_longlong_dec                     0x08005349   Thumb Code   108  _printf_longlong_dec.o(.text)
    _printf_longlong_oct                     0x080053c5   Thumb Code    66  _printf_oct_int_ll.o(.text)
    _printf_int_oct                          0x08005407   Thumb Code    24  _printf_oct_int_ll.o(.text)
    _printf_ll_oct                           0x0800541f   Thumb Code    12  _printf_oct_int_ll.o(.text)
    _printf_longlong_hex                     0x08005435   Thumb Code    86  _printf_hex_int_ll_ptr.o(.text)
    _printf_int_hex                          0x0800548b   Thumb Code    28  _printf_hex_int_ll_ptr.o(.text)
    _printf_ll_hex                           0x080054a7   Thumb Code    12  _printf_hex_int_ll_ptr.o(.text)
    _printf_hex_ptr                          0x080054b3   Thumb Code    18  _printf_hex_int_ll_ptr.o(.text)
    __aeabi_memclr4                          0x080054c9   Thumb Code     0  rt_memclr_w.o(.text)
    __aeabi_memclr8                          0x080054c9   Thumb Code     0  rt_memclr_w.o(.text)
    __rt_memclr_w                            0x080054c9   Thumb Code    78  rt_memclr_w.o(.text)
    _memset_w                                0x080054cd   Thumb Code     0  rt_memclr_w.o(.text)
    _ll_udiv10                               0x08005517   Thumb Code   138  lludiv10.o(.text)
    __lib_sel_fp_printf                      0x080055a1   Thumb Code     2  _printf_fp_dec.o(.text)
    _printf_fp_dec_real                      0x08005753   Thumb Code   620  _printf_fp_dec.o(.text)
    _printf_fp_hex_real                      0x080059c1   Thumb Code   756  _printf_fp_hex.o(.text)
    _printf_lcs_common                       0x08005cbd   Thumb Code    20  _printf_wchar.o(.text)
    _printf_wchar                            0x08005cd1   Thumb Code    16  _printf_wchar.o(.text)
    _printf_wstring                          0x08005ce1   Thumb Code     8  _printf_wchar.o(.text)
    _wcrtomb                                 0x08005ce9   Thumb Code    64  _wcrtomb.o(.text)
    __user_setup_stackheap                   0x08005d29   Thumb Code    74  sys_stackheap_outer.o(.text)
    __rt_ctype_table                         0x08005d75   Thumb Code    16  rt_ctype_table.o(.text)
    __rt_locale                              0x08005d85   Thumb Code     8  rt_locale_intlibspace.o(.text)
    _printf_fp_infnan                        0x08005d8d   Thumb Code   112  _printf_fp_infnan.o(.text)
    _btod_etento                             0x08005e0d   Thumb Code   224  bigflt0.o(.text)
    exit                                     0x08005ef1   Thumb Code    18  exit.o(.text)
    __user_libspace                          0x08005f05   Thumb Code     8  libspace.o(.text)
    __user_perproc_libspace                  0x08005f05   Thumb Code     0  libspace.o(.text)
    __user_perthread_libspace                0x08005f05   Thumb Code     0  libspace.o(.text)
    _sys_exit                                0x08005f0d   Thumb Code     8  sys_exit.o(.text)
    __I$use$semihosting                      0x08005f19   Thumb Code     0  use_no_semi.o(.text)
    __use_no_semihosting_swi                 0x08005f19   Thumb Code     2  use_no_semi.o(.text)
    __semihosting_library_function           0x08005f1b   Thumb Code     0  indicate_semi.o(.text)
    _btod_d2e                                0x08005f1b   Thumb Code    62  btod.o(CL$$btod_d2e)
    _d2e_denorm_low                          0x08005f59   Thumb Code    70  btod.o(CL$$btod_d2e_denorm_low)
    _d2e_norm_op1                            0x08005f9f   Thumb Code    96  btod.o(CL$$btod_d2e_norm_op1)
    __btod_div_common                        0x08005fff   Thumb Code   696  btod.o(CL$$btod_div_common)
    _e2e                                     0x08006337   Thumb Code   220  btod.o(CL$$btod_e2e)
    _btod_ediv                               0x08006413   Thumb Code    42  btod.o(CL$$btod_ediv)
    _btod_emul                               0x0800643d   Thumb Code    42  btod.o(CL$$btod_emul)
    __btod_mult_common                       0x08006467   Thumb Code   580  btod.o(CL$$btod_mult_common)
    __ARM_fpclassify                         0x080066ab   Thumb Code    40  fpclassify.o(i.__ARM_fpclassify)
    _is_digit                                0x080066d3   Thumb Code    14  __printf_wp.o(i._is_digit)
    _get_lc_numeric                          0x080066e1   Thumb Code    44  lc_numeric_c.o(locale$$code)
    _get_lc_ctype                            0x0800670d   Thumb Code    44  lc_ctype_c.o(locale$$code)
    __aeabi_fadd                             0x08006739   Thumb Code     0  faddsub_clz.o(x$fpl$fadd)
    _fadd                                    0x08006739   Thumb Code   196  faddsub_clz.o(x$fpl$fadd)
    __aeabi_fdiv                             0x080067fd   Thumb Code     0  fdiv.o(x$fpl$fdiv)
    _fdiv                                    0x080067fd   Thumb Code   384  fdiv.o(x$fpl$fdiv)
    __aeabi_f2iz                             0x08006981   Thumb Code     0  ffix.o(x$fpl$ffix)
    _ffix                                    0x08006981   Thumb Code    54  ffix.o(x$fpl$ffix)
    __aeabi_i2f                              0x080069b9   Thumb Code     0  fflt_clz.o(x$fpl$fflt)
    _fflt                                    0x080069b9   Thumb Code    48  fflt_clz.o(x$fpl$fflt)
    __aeabi_ui2f                             0x080069e9   Thumb Code     0  fflt_clz.o(x$fpl$ffltu)
    _ffltu                                   0x080069e9   Thumb Code    38  fflt_clz.o(x$fpl$ffltu)
    __aeabi_fmul                             0x08006a11   Thumb Code     0  fmul.o(x$fpl$fmul)
    _fmul                                    0x08006a11   Thumb Code   258  fmul.o(x$fpl$fmul)
    __fpl_fnaninf                            0x08006b13   Thumb Code   140  fnaninf.o(x$fpl$fnaninf)
    __fpl_fretinf                            0x08006b9f   Thumb Code    10  fretinf.o(x$fpl$fretinf)
    __aeabi_frsub                            0x08006ba9   Thumb Code     0  faddsub_clz.o(x$fpl$frsb)
    _frsb                                    0x08006ba9   Thumb Code    20  faddsub_clz.o(x$fpl$frsb)
    __aeabi_fsub                             0x08006bbd   Thumb Code     0  faddsub_clz.o(x$fpl$fsub)
    _fsub                                    0x08006bbd   Thumb Code   234  faddsub_clz.o(x$fpl$fsub)
    _printf_fp_dec                           0x08006ca7   Thumb Code     4  printf1.o(x$fpl$printf1)
    _printf_fp_hex                           0x08006cab   Thumb Code     4  printf2.o(x$fpl$printf2)
    __I$use$fp                               0x08006cae   Number         0  usenofp.o(x$fpl$usenofp)
    auw_hamm                                 0x08006cae   Data          62  max30102.o(.constdata)
    uch_spo2_table                           0x08006cec   Data         184  max30102.o(.constdata)
    Region$$Table$$Base                      0x08006ee8   Number         0  anon$$obj.o(Region$$Table)
    Region$$Table$$Limit                     0x08006f08   Number         0  anon$$obj.o(Region$$Table)
    __ctype                                  0x08006f31   Data           0  lc_ctype_c.o(locale$$data)
    SystemCoreClock                          0x20000000   Data           4  system_stm32f10x.o(.data)
    AHBPrescTable                            0x20000004   Data          16  system_stm32f10x.o(.data)
    UsCount                                  0x20000028   Data           1  delay.o(.data)
    MsCount                                  0x2000002a   Data           2  delay.o(.data)
    Serial_RxFlag                            0x2000002c   Data           1  usart.o(.data)
    AD_Value                                 0x20000030   Data           4  ad.o(.data)
    temperature                              0x20000034   Data           1  get_huangjing.o(.data)
    humi                                     0x20000035   Data           1  get_huangjing.o(.data)
    temperature_ed                           0x20000036   Data           1  get_huangjing.o(.data)
    humi_ed                                  0x20000037   Data           1  get_huangjing.o(.data)
    Mq135                                    0x20000038   Data           1  get_huangjing.o(.data)
    Fire                                     0x20000039   Data           1  get_huangjing.o(.data)
    Mq135_ed                                 0x2000003a   Data           1  get_huangjing.o(.data)
    Fire_ed                                  0x2000003b   Data           1  get_huangjing.o(.data)
    Mq135_value                              0x2000003c   Data           1  get_huangjing.o(.data)
    Fire_value                               0x2000003d   Data           1  get_huangjing.o(.data)
    First_flag                               0x2000003e   Data           1  get_huangjing.o(.data)
    n_ir_buffer_length                       0x20000040   Data           4  read30102.o(.data)
    n_sp02                                   0x20000044   Data           4  read30102.o(.data)
    ch_spo2_valid                            0x20000048   Data           1  read30102.o(.data)
    n_heart_rate                             0x2000004c   Data           4  read30102.o(.data)
    ch_hr_valid                              0x20000050   Data           1  read30102.o(.data)
    Temp                                     0x20000051   Data           1  read30102.o(.data)
    un_min                                   0x20000054   Data           4  read30102.o(.data)
    un_max                                   0x20000058   Data           4  read30102.o(.data)
    un_prev_data                             0x2000005c   Data           4  read30102.o(.data)
    i                                        0x20000060   Data           4  read30102.o(.data)
    n_brightness                             0x20000064   Data           4  read30102.o(.data)
    f_temp                                   0x20000068   Data           4  read30102.o(.data)
    temp                                     0x2000006c   Data           6  read30102.o(.data)
    dis_hr                                   0x20000072   Data           1  read30102.o(.data)
    dis_spo2                                 0x20000073   Data           1  read30102.o(.data)
    people_number                            0x20000078   Data           1  main.o(.data)
    question3                                0x20000079   Data         128  main.o(.data)
    question4                                0x200000f9   Data         128  main.o(.data)
    cnt1                                     0x20000179   Data           1  main.o(.data)
    Huangjing_Flag                           0x2000017a   Data           1  main.o(.data)
    max30102_Flag                            0x2000017b   Data           1  main.o(.data)
    esp8266_cnt                              0x2000017c   Data           2  esp8266.o(.data)
    esp8266_cntPre                           0x2000017e   Data           2  esp8266.o(.data)
    question1                                0x20000180   Data           4  esp8266.o(.data)
    Serial_RxPacket                          0x20000184   Data        1024  usart.o(.bss)
    finalbuffer                              0x20000584   Data          64  hmi_rx.o(.bss)
    buffer1                                  0x20001d24   Data          50  read30102.o(.bss)
    buffer2                                  0x20001d56   Data          50  read30102.o(.bss)
    buffer3                                  0x20001d88   Data          50  read30102.o(.bss)
    aun_ir_buffer                            0x20001dbc   Data        2000  read30102.o(.bss)
    aun_red_buffer                           0x2000258c   Data        2000  read30102.o(.bss)
    str                                      0x20002d5c   Data         100  read30102.o(.bss)
    people                                   0x20002dc0   Data        1600  main.o(.bss)
    yinshi                                   0x20003400   Data         384  main.o(.bss)
    question2                                0x20003580   Data        1024  main.o(.bss)
    healthy                                  0x20003980   Data         128  main.o(.bss)
    ai_question                              0x20003a00   Data         128  main.o(.bss)
    new_packet                               0x20003a80   Data         128  main.o(.bss)
    sendBuffer                               0x20003b00   Data         256  main.o(.bss)
    esp8266_buf                              0x20003c00   Data        1024  esp8266.o(.bss)
    buf                                      0x20004000   Data         512  esp8266.o(.bss)
    __libspace_start                         0x20004200   Data          96  libspace.o(.bss)
    __temporary_stack_top$libspace           0x20004260   Data           0  libspace.o(.bss)



==============================================================================

Memory Map of the image

  Image Entry point : 0x08000131

  Load Region LR_IROM1 (Base: 0x08000000, Size: 0x000071b8, Max: 0x00080000, ABSOLUTE, COMPRESSED[0x0000705c])

    Execution Region ER_IROM1 (Exec base: 0x08000000, Load base: 0x08000000, Size: 0x00007034, Max: 0x00080000, ABSOLUTE)

    Exec Addr    Load Addr    Size         Type   Attr      Idx    E Section Name        Object

    0x08000000   0x08000000   0x00000130   Data   RO          140    RESET               startup_stm32f10x_hd.o
    0x08000130   0x08000130   0x00000008   Code   RO          559  * !!!main             c_w.l(__main.o)
    0x08000138   0x08000138   0x00000034   Code   RO          881    !!!scatter          c_w.l(__scatter.o)
    0x0800016c   0x0800016c   0x0000005a   Code   RO          879    !!dczerorl2         c_w.l(__dczerorl2.o)
    0x080001c6   0x080001c6   0x00000002   PAD
    0x080001c8   0x080001c8   0x0000001c   Code   RO          883    !!handler_zi        c_w.l(__scatter_zi.o)
    0x080001e4   0x080001e4   0x00000000   Code   RO          542    .ARM.Collect$$_printf_percent$$00000000  c_w.l(_printf_percent.o)
    0x080001e4   0x080001e4   0x00000006   Code   RO          633    .ARM.Collect$$_printf_percent$$00000001  c_w.l(_printf_n.o)
    0x080001ea   0x080001ea   0x00000006   Code   RO          635    .ARM.Collect$$_printf_percent$$00000002  c_w.l(_printf_p.o)
    0x080001f0   0x080001f0   0x00000006   Code   RO          639    .ARM.Collect$$_printf_percent$$00000003  c_w.l(_printf_f.o)
    0x080001f6   0x080001f6   0x00000006   Code   RO          640    .ARM.Collect$$_printf_percent$$00000004  c_w.l(_printf_e.o)
    0x080001fc   0x080001fc   0x00000006   Code   RO          641    .ARM.Collect$$_printf_percent$$00000005  c_w.l(_printf_g.o)
    0x08000202   0x08000202   0x00000006   Code   RO          642    .ARM.Collect$$_printf_percent$$00000006  c_w.l(_printf_a.o)
    0x08000208   0x08000208   0x0000000a   Code   RO          647    .ARM.Collect$$_printf_percent$$00000007  c_w.l(_printf_ll.o)
    0x08000212   0x08000212   0x00000006   Code   RO          637    .ARM.Collect$$_printf_percent$$00000008  c_w.l(_printf_i.o)
    0x08000218   0x08000218   0x00000006   Code   RO          541    .ARM.Collect$$_printf_percent$$00000009  c_w.l(_printf_d.o)
    0x0800021e   0x0800021e   0x00000006   Code   RO          638    .ARM.Collect$$_printf_percent$$0000000A  c_w.l(_printf_u.o)
    0x08000224   0x08000224   0x00000006   Code   RO          636    .ARM.Collect$$_printf_percent$$0000000B  c_w.l(_printf_o.o)
    0x0800022a   0x0800022a   0x00000006   Code   RO          634    .ARM.Collect$$_printf_percent$$0000000C  c_w.l(_printf_x.o)
    0x08000230   0x08000230   0x00000006   Code   RO          644    .ARM.Collect$$_printf_percent$$0000000D  c_w.l(_printf_lli.o)
    0x08000236   0x08000236   0x00000006   Code   RO          645    .ARM.Collect$$_printf_percent$$0000000E  c_w.l(_printf_lld.o)
    0x0800023c   0x0800023c   0x00000006   Code   RO          646    .ARM.Collect$$_printf_percent$$0000000F  c_w.l(_printf_llu.o)
    0x08000242   0x08000242   0x00000006   Code   RO          651    .ARM.Collect$$_printf_percent$$00000010  c_w.l(_printf_llo.o)
    0x08000248   0x08000248   0x00000006   Code   RO          652    .ARM.Collect$$_printf_percent$$00000011  c_w.l(_printf_llx.o)
    0x0800024e   0x0800024e   0x0000000a   Code   RO          648    .ARM.Collect$$_printf_percent$$00000012  c_w.l(_printf_l.o)
    0x08000258   0x08000258   0x00000006   Code   RO          632    .ARM.Collect$$_printf_percent$$00000013  c_w.l(_printf_c.o)
    0x0800025e   0x0800025e   0x00000006   Code   RO          540    .ARM.Collect$$_printf_percent$$00000014  c_w.l(_printf_s.o)
    0x08000264   0x08000264   0x00000006   Code   RO          649    .ARM.Collect$$_printf_percent$$00000015  c_w.l(_printf_lc.o)
    0x0800026a   0x0800026a   0x00000006   Code   RO          650    .ARM.Collect$$_printf_percent$$00000016  c_w.l(_printf_ls.o)
    0x08000270   0x08000270   0x00000004   Code   RO          643    .ARM.Collect$$_printf_percent$$00000017  c_w.l(_printf_percent_end.o)
    0x08000274   0x08000274   0x00000002   Code   RO          742    .ARM.Collect$$libinit$$00000000  c_w.l(libinit.o)
    0x08000276   0x08000276   0x00000000   Code   RO          756    .ARM.Collect$$libinit$$00000002  c_w.l(libinit2.o)
    0x08000276   0x08000276   0x00000000   Code   RO          758    .ARM.Collect$$libinit$$00000004  c_w.l(libinit2.o)
    0x08000276   0x08000276   0x00000000   Code   RO          761    .ARM.Collect$$libinit$$0000000A  c_w.l(libinit2.o)
    0x08000276   0x08000276   0x00000000   Code   RO          763    .ARM.Collect$$libinit$$0000000C  c_w.l(libinit2.o)
    0x08000276   0x08000276   0x00000000   Code   RO          765    .ARM.Collect$$libinit$$0000000E  c_w.l(libinit2.o)
    0x08000276   0x08000276   0x00000006   Code   RO          766    .ARM.Collect$$libinit$$0000000F  c_w.l(libinit2.o)
    0x0800027c   0x0800027c   0x00000000   Code   RO          768    .ARM.Collect$$libinit$$00000011  c_w.l(libinit2.o)
    0x0800027c   0x0800027c   0x0000000c   Code   RO          769    .ARM.Collect$$libinit$$00000012  c_w.l(libinit2.o)
    0x08000288   0x08000288   0x00000000   Code   RO          770    .ARM.Collect$$libinit$$00000013  c_w.l(libinit2.o)
    0x08000288   0x08000288   0x00000000   Code   RO          772    .ARM.Collect$$libinit$$00000015  c_w.l(libinit2.o)
    0x08000288   0x08000288   0x0000000a   Code   RO          773    .ARM.Collect$$libinit$$00000016  c_w.l(libinit2.o)
    0x08000292   0x08000292   0x00000000   Code   RO          774    .ARM.Collect$$libinit$$00000017  c_w.l(libinit2.o)
    0x08000292   0x08000292   0x00000000   Code   RO          776    .ARM.Collect$$libinit$$00000019  c_w.l(libinit2.o)
    0x08000292   0x08000292   0x00000000   Code   RO          778    .ARM.Collect$$libinit$$0000001B  c_w.l(libinit2.o)
    0x08000292   0x08000292   0x00000000   Code   RO          780    .ARM.Collect$$libinit$$0000001D  c_w.l(libinit2.o)
    0x08000292   0x08000292   0x00000000   Code   RO          782    .ARM.Collect$$libinit$$0000001F  c_w.l(libinit2.o)
    0x08000292   0x08000292   0x00000000   Code   RO          784    .ARM.Collect$$libinit$$00000021  c_w.l(libinit2.o)
    0x08000292   0x08000292   0x00000000   Code   RO          786    .ARM.Collect$$libinit$$00000023  c_w.l(libinit2.o)
    0x08000292   0x08000292   0x00000000   Code   RO          788    .ARM.Collect$$libinit$$00000025  c_w.l(libinit2.o)
    0x08000292   0x08000292   0x00000000   Code   RO          792    .ARM.Collect$$libinit$$0000002C  c_w.l(libinit2.o)
    0x08000292   0x08000292   0x00000000   Code   RO          794    .ARM.Collect$$libinit$$0000002E  c_w.l(libinit2.o)
    0x08000292   0x08000292   0x00000000   Code   RO          796    .ARM.Collect$$libinit$$00000030  c_w.l(libinit2.o)
    0x08000292   0x08000292   0x00000000   Code   RO          798    .ARM.Collect$$libinit$$00000032  c_w.l(libinit2.o)
    0x08000292   0x08000292   0x00000002   Code   RO          799    .ARM.Collect$$libinit$$00000033  c_w.l(libinit2.o)
    0x08000294   0x08000294   0x00000002   Code   RO          819    .ARM.Collect$$libshutdown$$00000000  c_w.l(libshutdown.o)
    0x08000296   0x08000296   0x00000000   Code   RO          832    .ARM.Collect$$libshutdown$$00000002  c_w.l(libshutdown2.o)
    0x08000296   0x08000296   0x00000000   Code   RO          834    .ARM.Collect$$libshutdown$$00000004  c_w.l(libshutdown2.o)
    0x08000296   0x08000296   0x00000000   Code   RO          837    .ARM.Collect$$libshutdown$$00000007  c_w.l(libshutdown2.o)
    0x08000296   0x08000296   0x00000000   Code   RO          840    .ARM.Collect$$libshutdown$$0000000A  c_w.l(libshutdown2.o)
    0x08000296   0x08000296   0x00000000   Code   RO          842    .ARM.Collect$$libshutdown$$0000000C  c_w.l(libshutdown2.o)
    0x08000296   0x08000296   0x00000000   Code   RO          845    .ARM.Collect$$libshutdown$$0000000F  c_w.l(libshutdown2.o)
    0x08000296   0x08000296   0x00000002   Code   RO          846    .ARM.Collect$$libshutdown$$00000010  c_w.l(libshutdown2.o)
    0x08000298   0x08000298   0x00000000   Code   RO          583    .ARM.Collect$$rtentry$$00000000  c_w.l(__rtentry.o)
    0x08000298   0x08000298   0x00000000   Code   RO          669    .ARM.Collect$$rtentry$$00000002  c_w.l(__rtentry2.o)
    0x08000298   0x08000298   0x00000006   Code   RO          681    .ARM.Collect$$rtentry$$00000004  c_w.l(__rtentry4.o)
    0x0800029e   0x0800029e   0x00000000   Code   RO          671    .ARM.Collect$$rtentry$$00000009  c_w.l(__rtentry2.o)
    0x0800029e   0x0800029e   0x00000004   Code   RO          672    .ARM.Collect$$rtentry$$0000000A  c_w.l(__rtentry2.o)
    0x080002a2   0x080002a2   0x00000000   Code   RO          674    .ARM.Collect$$rtentry$$0000000C  c_w.l(__rtentry2.o)
    0x080002a2   0x080002a2   0x00000008   Code   RO          675    .ARM.Collect$$rtentry$$0000000D  c_w.l(__rtentry2.o)
    0x080002aa   0x080002aa   0x00000002   Code   RO          750    .ARM.Collect$$rtexit$$00000000  c_w.l(rtexit.o)
    0x080002ac   0x080002ac   0x00000000   Code   RO          801    .ARM.Collect$$rtexit$$00000002  c_w.l(rtexit2.o)
    0x080002ac   0x080002ac   0x00000004   Code   RO          802    .ARM.Collect$$rtexit$$00000003  c_w.l(rtexit2.o)
    0x080002b0   0x080002b0   0x00000006   Code   RO          803    .ARM.Collect$$rtexit$$00000004  c_w.l(rtexit2.o)
    0x080002b6   0x080002b6   0x00000002   PAD
    0x080002b8   0x080002b8   0x00000134   Code   RO           17    .text               stm32f10x_it.o
    0x080003ec   0x080003ec   0x000001e0   Code   RO          120    .text               system_stm32f10x.o
    0x080005cc   0x080005cc   0x00000040   Code   RO          141    .text               startup_stm32f10x_hd.o
    0x0800060c   0x0800060c   0x000003a4   Code   RO          145    .text               stm32f10x_rcc.o
    0x080009b0   0x080009b0   0x000000dc   Code   RO          185    .text               misc.o
    0x08000a8c   0x08000a8c   0x0000035c   Code   RO          197    .text               stm32f10x_gpio.o
    0x08000de8   0x08000de8   0x00000408   Code   RO          209    .text               stm32f10x_usart.o
    0x080011f0   0x080011f0   0x00000e1a   Code   RO          221    .text               stm32f10x_tim.o
    0x0800200a   0x0800200a   0x00000002   PAD
    0x0800200c   0x0800200c   0x0000044e   Code   RO          233    .text               stm32f10x_adc.o
    0x0800245a   0x0800245a   0x00000002   PAD
    0x0800245c   0x0800245c   0x00000254   Code   RO          257    .text               stm32f10x_dma.o
    0x080026b0   0x080026b0   0x000000b8   Code   RO          269    .text               delay.o
    0x08002768   0x08002768   0x00000360   Code   RO          287    .text               usart.o
    0x08002ac8   0x08002ac8   0x00000418   Code   RO          335    .text               hmi_rx.o
    0x08002ee0   0x08002ee0   0x0000007e   Code   RO          354    .text               timer.o
    0x08002f5e   0x08002f5e   0x00000002   PAD
    0x08002f60   0x08002f60   0x0000017c   Code   RO          369    .text               ad.o
    0x080030dc   0x080030dc   0x000001ac   Code   RO          387    .text               dht11.o
    0x08003288   0x08003288   0x000001a4   Code   RO          402    .text               get_huangjing.o
    0x0800342c   0x0800342c   0x00000cc4   Code   RO          424    .text               max30102.o
    0x080040f0   0x080040f0   0x000003b8   Code   RO          446    .text               read30102.o
    0x080044a8   0x080044a8   0x000003c4   Code   RO          470    .text               main.o
    0x0800486c   0x0800486c   0x000003c4   Code   RO          489    .text               esp8266.o
    0x08004c30   0x08004c30   0x00000034   Code   RO          508    .text               c_w.l(vsnprintf.o)
    0x08004c64   0x08004c64   0x0000002c   Code   RO          510    .text               c_w.l(__2sprintf.o)
    0x08004c90   0x08004c90   0x00000052   Code   RO          516    .text               c_w.l(_printf_str.o)
    0x08004ce2   0x08004ce2   0x00000002   PAD
    0x08004ce4   0x08004ce4   0x00000078   Code   RO          518    .text               c_w.l(_printf_dec.o)
    0x08004d5c   0x08004d5c   0x00000188   Code   RO          537    .text               c_w.l(__printf_flags_ss_wp.o)
    0x08004ee4   0x08004ee4   0x00000024   Code   RO          543    .text               c_w.l(strstr.o)
    0x08004f08   0x08004f08   0x00000048   Code   RO          545    .text               c_w.l(strcpy.o)
    0x08004f50   0x08004f50   0x0000003e   Code   RO          547    .text               c_w.l(strlen.o)
    0x08004f8e   0x08004f8e   0x00000018   Code   RO          549    .text               c_w.l(strcat.o)
    0x08004fa6   0x08004fa6   0x00000044   Code   RO          551    .text               c_w.l(rt_memclr.o)
    0x08004fea   0x08004fea   0x00000056   Code   RO          553    .text               c_w.l(strncpy.o)
    0x08005040   0x08005040   0x00000080   Code   RO          555    .text               c_w.l(strcmpv7m.o)
    0x080050c0   0x080050c0   0x00000006   Code   RO          557    .text               c_w.l(heapauxi.o)
    0x080050c6   0x080050c6   0x0000004e   Code   RO          584    .text               c_w.l(_printf_pad.o)
    0x08005114   0x08005114   0x00000024   Code   RO          586    .text               c_w.l(_printf_truncate.o)
    0x08005138   0x08005138   0x000000b2   Code   RO          588    .text               c_w.l(_printf_intcommon.o)
    0x080051ea   0x080051ea   0x00000028   Code   RO          590    .text               c_w.l(_printf_charcount.o)
    0x08005212   0x08005212   0x00000002   PAD
    0x08005214   0x08005214   0x00000030   Code   RO          592    .text               c_w.l(_printf_char_common.o)
    0x08005244   0x08005244   0x0000000a   Code   RO          594    .text               c_w.l(_sputc.o)
    0x0800524e   0x0800524e   0x00000010   Code   RO          596    .text               c_w.l(_snputc.o)
    0x0800525e   0x0800525e   0x0000002c   Code   RO          598    .text               c_w.l(_printf_char.o)
    0x0800528a   0x0800528a   0x00000002   PAD
    0x0800528c   0x0800528c   0x000000bc   Code   RO          600    .text               c_w.l(_printf_wctomb.o)
    0x08005348   0x08005348   0x0000007c   Code   RO          603    .text               c_w.l(_printf_longlong_dec.o)
    0x080053c4   0x080053c4   0x00000070   Code   RO          609    .text               c_w.l(_printf_oct_int_ll.o)
    0x08005434   0x08005434   0x00000094   Code   RO          629    .text               c_w.l(_printf_hex_int_ll_ptr.o)
    0x080054c8   0x080054c8   0x0000004e   Code   RO          653    .text               c_w.l(rt_memclr_w.o)
    0x08005516   0x08005516   0x0000008a   Code   RO          683    .text               c_w.l(lludiv10.o)
    0x080055a0   0x080055a0   0x0000041e   Code   RO          685    .text               c_w.l(_printf_fp_dec.o)
    0x080059be   0x080059be   0x00000002   PAD
    0x080059c0   0x080059c0   0x000002fc   Code   RO          687    .text               c_w.l(_printf_fp_hex.o)
    0x08005cbc   0x08005cbc   0x0000002c   Code   RO          692    .text               c_w.l(_printf_wchar.o)
    0x08005ce8   0x08005ce8   0x00000040   Code   RO          694    .text               c_w.l(_wcrtomb.o)
    0x08005d28   0x08005d28   0x0000004a   Code   RO          696    .text               c_w.l(sys_stackheap_outer.o)
    0x08005d72   0x08005d72   0x00000002   PAD
    0x08005d74   0x08005d74   0x00000010   Code   RO          698    .text               c_w.l(rt_ctype_table.o)
    0x08005d84   0x08005d84   0x00000008   Code   RO          703    .text               c_w.l(rt_locale_intlibspace.o)
    0x08005d8c   0x08005d8c   0x00000080   Code   RO          705    .text               c_w.l(_printf_fp_infnan.o)
    0x08005e0c   0x08005e0c   0x000000e4   Code   RO          707    .text               c_w.l(bigflt0.o)
    0x08005ef0   0x08005ef0   0x00000012   Code   RO          735    .text               c_w.l(exit.o)
    0x08005f02   0x08005f02   0x00000002   PAD
    0x08005f04   0x08005f04   0x00000008   Code   RO          747    .text               c_w.l(libspace.o)
    0x08005f0c   0x08005f0c   0x0000000c   Code   RO          811    .text               c_w.l(sys_exit.o)
    0x08005f18   0x08005f18   0x00000002   Code   RO          822    .text               c_w.l(use_no_semi.o)
    0x08005f1a   0x08005f1a   0x00000000   Code   RO          824    .text               c_w.l(indicate_semi.o)
    0x08005f1a   0x08005f1a   0x0000003e   Code   RO          710    CL$$btod_d2e        c_w.l(btod.o)
    0x08005f58   0x08005f58   0x00000046   Code   RO          712    CL$$btod_d2e_denorm_low  c_w.l(btod.o)
    0x08005f9e   0x08005f9e   0x00000060   Code   RO          711    CL$$btod_d2e_norm_op1  c_w.l(btod.o)
    0x08005ffe   0x08005ffe   0x00000338   Code   RO          720    CL$$btod_div_common  c_w.l(btod.o)
    0x08006336   0x08006336   0x000000dc   Code   RO          717    CL$$btod_e2e        c_w.l(btod.o)
    0x08006412   0x08006412   0x0000002a   Code   RO          714    CL$$btod_ediv       c_w.l(btod.o)
    0x0800643c   0x0800643c   0x0000002a   Code   RO          713    CL$$btod_emul       c_w.l(btod.o)
    0x08006466   0x08006466   0x00000244   Code   RO          719    CL$$btod_mult_common  c_w.l(btod.o)
    0x080066aa   0x080066aa   0x00000028   Code   RO          745    i.__ARM_fpclassify  m_ws.l(fpclassify.o)
    0x080066d2   0x080066d2   0x0000000e   Code   RO          530    i._is_digit         c_w.l(__printf_wp.o)
    0x080066e0   0x080066e0   0x0000002c   Code   RO          733    locale$$code        c_w.l(lc_numeric_c.o)
    0x0800670c   0x0800670c   0x0000002c   Code   RO          753    locale$$code        c_w.l(lc_ctype_c.o)
    0x08006738   0x08006738   0x000000c4   Code   RO          561    x$fpl$fadd          fz_ws.l(faddsub_clz.o)
    0x080067fc   0x080067fc   0x00000184   Code   RO          568    x$fpl$fdiv          fz_ws.l(fdiv.o)
    0x08006980   0x08006980   0x00000036   Code   RO          571    x$fpl$ffix          fz_ws.l(ffix.o)
    0x080069b6   0x080069b6   0x00000002   PAD
    0x080069b8   0x080069b8   0x00000030   Code   RO          576    x$fpl$fflt          fz_ws.l(fflt_clz.o)
    0x080069e8   0x080069e8   0x00000026   Code   RO          575    x$fpl$ffltu         fz_ws.l(fflt_clz.o)
    0x08006a0e   0x08006a0e   0x00000002   PAD
    0x08006a10   0x08006a10   0x00000102   Code   RO          581    x$fpl$fmul          fz_ws.l(fmul.o)
    0x08006b12   0x08006b12   0x0000008c   Code   RO          655    x$fpl$fnaninf       fz_ws.l(fnaninf.o)
    0x08006b9e   0x08006b9e   0x0000000a   Code   RO          657    x$fpl$fretinf       fz_ws.l(fretinf.o)
    0x08006ba8   0x08006ba8   0x00000014   Code   RO          562    x$fpl$frsb          fz_ws.l(faddsub_clz.o)
    0x08006bbc   0x08006bbc   0x000000ea   Code   RO          563    x$fpl$fsub          fz_ws.l(faddsub_clz.o)
    0x08006ca6   0x08006ca6   0x00000004   Code   RO          659    x$fpl$printf1       fz_ws.l(printf1.o)
    0x08006caa   0x08006caa   0x00000004   Code   RO          661    x$fpl$printf2       fz_ws.l(printf2.o)
    0x08006cae   0x08006cae   0x00000000   Code   RO          667    x$fpl$usenofp       fz_ws.l(usenofp.o)
    0x08006cae   0x08006cae   0x000000f6   Data   RO          426    .constdata          max30102.o
    0x08006da4   0x08006da4   0x00000011   Data   RO          538    .constdata          c_w.l(__printf_flags_ss_wp.o)
    0x08006db5   0x08006db5   0x00000003   PAD
    0x08006db8   0x08006db8   0x00000008   Data   RO          601    .constdata          c_w.l(_printf_wctomb.o)
    0x08006dc0   0x08006dc0   0x00000028   Data   RO          630    .constdata          c_w.l(_printf_hex_int_ll_ptr.o)
    0x08006de8   0x08006de8   0x00000026   Data   RO          688    .constdata          c_w.l(_printf_fp_hex.o)
    0x08006e0e   0x08006e0e   0x00000002   PAD
    0x08006e10   0x08006e10   0x00000094   Data   RO          708    .constdata          c_w.l(bigflt0.o)
    0x08006ea4   0x08006ea4   0x00000042   Data   RO          491    .conststring        esp8266.o
    0x08006ee6   0x08006ee6   0x00000002   PAD
    0x08006ee8   0x08006ee8   0x00000020   Data   RO          877    Region$$Table       anon$$obj.o
    0x08006f08   0x08006f08   0x0000001c   Data   RO          732    locale$$data        c_w.l(lc_numeric_c.o)
    0x08006f24   0x08006f24   0x00000110   Data   RO          752    locale$$data        c_w.l(lc_ctype_c.o)


    Execution Region RW_IRAM1 (Exec base: 0x20000000, Load base: 0x08007034, Size: 0x00005a60, Max: 0x00010000, ABSOLUTE, COMPRESSED[0x00000028])

    Exec Addr    Load Addr    Size         Type   Attr      Idx    E Section Name        Object

    0x20000000   COMPRESSED   0x00000014   Data   RW          121    .data               system_stm32f10x.o
    0x20000014   COMPRESSED   0x00000014   Data   RW          146    .data               stm32f10x_rcc.o
    0x20000028   COMPRESSED   0x00000004   Data   RW          270    .data               delay.o
    0x2000002c   COMPRESSED   0x00000003   Data   RW          289    .data               usart.o
    0x2000002f   COMPRESSED   0x00000001   PAD
    0x20000030   COMPRESSED   0x00000004   Data   RW          370    .data               ad.o
    0x20000034   COMPRESSED   0x0000000b   Data   RW          403    .data               get_huangjing.o
    0x2000003f   COMPRESSED   0x00000001   PAD
    0x20000040   COMPRESSED   0x00000038   Data   RW          448    .data               read30102.o
    0x20000078   COMPRESSED   0x00000104   Data   RW          472    .data               main.o
    0x2000017c   COMPRESSED   0x00000008   Data   RW          492    .data               esp8266.o
    0x20000184        -       0x00000400   Zero   RW          288    .bss                usart.o
    0x20000584        -       0x00000040   Zero   RW          336    .bss                hmi_rx.o
    0x200005c4        -       0x00001760   Zero   RW          425    .bss                max30102.o
    0x20001d24        -       0x0000109c   Zero   RW          447    .bss                read30102.o
    0x20002dc0        -       0x00000e40   Zero   RW          471    .bss                main.o
    0x20003c00        -       0x00000600   Zero   RW          490    .bss                esp8266.o
    0x20004200        -       0x00000060   Zero   RW          748    .bss                c_w.l(libspace.o)
    0x20004260        -       0x00000c00   Zero   RW          139    HEAP                startup_stm32f10x_hd.o
    0x20004e60        -       0x00000c00   Zero   RW          138    STACK               startup_stm32f10x_hd.o


==============================================================================

Image component sizes


      Code (inc. data)   RO Data    RW Data    ZI Data      Debug   Object Name

       380         20          0          4          0       1772   ad.o
         0          0          0          0          0       4540   core_cm3.o
       184         10          0          4          0       1149   delay.o
       428          4          0          0          0       2277   dht11.o
       964        216         66          8       1536       3720   esp8266.o
       420        138          0         11          0       1195   get_huangjing.o
      1048        320          0          0         64       3865   hmi_rx.o
       964        418          0        260       3648       2249   main.o
      3268         44        246          0       5984      11916   max30102.o
       220         22          0          0          0       1701   misc.o
       952        124          0         56       4252       2320   read30102.o
        64         26        304          0       6144        792   startup_stm32f10x_hd.o
      1102         26          0          0          0      10937   stm32f10x_adc.o
       596          8          0          0          0       4266   stm32f10x_dma.o
       860         38          0          0          0       5633   stm32f10x_gpio.o
       308        248          0          0          0      54507   stm32f10x_it.o
       932         36          0         20          0     222488   stm32f10x_rcc.o
      3610         88          0          0          0      22740   stm32f10x_tim.o
      1032         22          0          0          0       8360   stm32f10x_usart.o
       480         38          0         20          0       1707   system_stm32f10x.o
       126          0          0          0          0        545   timer.o
       864         36          0          3       1024       4111   usart.o

    ----------------------------------------------------------------------
     18808       1882        650        388      22652     372790   Object Totals
         0          0         32          0          0          0   (incl. Generated)
         6          0          2          2          0          0   (incl. Padding)

    ----------------------------------------------------------------------

      Code (inc. data)   RO Data    RW Data    ZI Data      Debug   Library Member Name

        44          6          0          0          0         84   __2sprintf.o
        90          0          0          0          0          0   __dczerorl2.o
         8          0          0          0          0         68   __main.o
       392          4         17          0          0         92   __printf_flags_ss_wp.o
        14          0          0          0          0         68   __printf_wp.o
         0          0          0          0          0          0   __rtentry.o
        12          0          0          0          0          0   __rtentry2.o
         6          0          0          0          0          0   __rtentry4.o
        52          8          0          0          0          0   __scatter.o
        28          0          0          0          0          0   __scatter_zi.o
         6          0          0          0          0          0   _printf_a.o
         6          0          0          0          0          0   _printf_c.o
        44          0          0          0          0        108   _printf_char.o
        48          6          0          0          0         96   _printf_char_common.o
        40          0          0          0          0         68   _printf_charcount.o
         6          0          0          0          0          0   _printf_d.o
       120         16          0          0          0         92   _printf_dec.o
         6          0          0          0          0          0   _printf_e.o
         6          0          0          0          0          0   _printf_f.o
      1054          0          0          0          0        216   _printf_fp_dec.o
       764          8         38          0          0        100   _printf_fp_hex.o
       128         16          0          0          0         84   _printf_fp_infnan.o
         6          0          0          0          0          0   _printf_g.o
       148          4         40          0          0        160   _printf_hex_int_ll_ptr.o
         6          0          0          0          0          0   _printf_i.o
       178          0          0          0          0         88   _printf_intcommon.o
        10          0          0          0          0          0   _printf_l.o
         6          0          0          0          0          0   _printf_lc.o
        10          0          0          0          0          0   _printf_ll.o
         6          0          0          0          0          0   _printf_lld.o
         6          0          0          0          0          0   _printf_lli.o
         6          0          0          0          0          0   _printf_llo.o
         6          0          0          0          0          0   _printf_llu.o
         6          0          0          0          0          0   _printf_llx.o
       124         16          0          0          0         92   _printf_longlong_dec.o
         6          0          0          0          0          0   _printf_ls.o
         6          0          0          0          0          0   _printf_n.o
         6          0          0          0          0          0   _printf_o.o
       112         10          0          0          0        124   _printf_oct_int_ll.o
         6          0          0          0          0          0   _printf_p.o
        78          0          0          0          0        108   _printf_pad.o
         0          0          0          0          0          0   _printf_percent.o
         4          0          0          0          0          0   _printf_percent_end.o
         6          0          0          0          0          0   _printf_s.o
        82          0          0          0          0         80   _printf_str.o
        36          0          0          0          0         84   _printf_truncate.o
         6          0          0          0          0          0   _printf_u.o
        44          0          0          0          0        108   _printf_wchar.o
       188          6          8          0          0         92   _printf_wctomb.o
         6          0          0          0          0          0   _printf_x.o
        16          0          0          0          0         68   _snputc.o
        10          0          0          0          0         68   _sputc.o
        64          0          0          0          0         92   _wcrtomb.o
       228          4        148          0          0         96   bigflt0.o
      1936        128          0          0          0        672   btod.o
        18          0          0          0          0         80   exit.o
         6          0          0          0          0        152   heapauxi.o
         0          0          0          0          0          0   indicate_semi.o
        44         10        272          0          0         76   lc_ctype_c.o
        44         10         28          0          0         76   lc_numeric_c.o
         2          0          0          0          0          0   libinit.o
        30          0          0          0          0          0   libinit2.o
         2          0          0          0          0          0   libshutdown.o
         2          0          0          0          0          0   libshutdown2.o
         8          4          0          0         96         68   libspace.o
       138          0          0          0          0         80   lludiv10.o
        16          4          0          0          0         76   rt_ctype_table.o
         8          4          0          0          0         68   rt_locale_intlibspace.o
        68          0          0          0          0         68   rt_memclr.o
        78          0          0          0          0         80   rt_memclr_w.o
         2          0          0          0          0          0   rtexit.o
        10          0          0          0          0          0   rtexit2.o
        24          0          0          0          0         68   strcat.o
       128          0          0          0          0         68   strcmpv7m.o
        72          0          0          0          0         80   strcpy.o
        62          0          0          0          0         76   strlen.o
        86          0          0          0          0         76   strncpy.o
        36          0          0          0          0         80   strstr.o
        12          4          0          0          0         68   sys_exit.o
        74          0          0          0          0         80   sys_stackheap_outer.o
         2          0          0          0          0         68   use_no_semi.o
        52          4          0          0          0         80   vsnprintf.o
       450          8          0          0          0        236   faddsub_clz.o
       388         76          0          0          0         96   fdiv.o
        54          4          0          0          0         84   ffix.o
        86          0          0          0          0        136   fflt_clz.o
       258          4          0          0          0         84   fmul.o
       140          4          0          0          0         84   fnaninf.o
        10          0          0          0          0         68   fretinf.o
         4          0          0          0          0         68   printf1.o
         4          0          0          0          0         68   printf2.o
         0          0          0          0          0          0   usenofp.o
        40          0          0          0          0         68   fpclassify.o

    ----------------------------------------------------------------------
      8710        368        556          0         96       5568   Library Totals
        20          0          5          0          0          0   (incl. Padding)

    ----------------------------------------------------------------------

      Code (inc. data)   RO Data    RW Data    ZI Data      Debug   Library Name

      7256        272        551          0         96       4576   c_w.l
      1394         96          0          0          0        924   fz_ws.l
        40          0          0          0          0         68   m_ws.l

    ----------------------------------------------------------------------
      8710        368        556          0         96       5568   Library Totals

    ----------------------------------------------------------------------

==============================================================================


      Code (inc. data)   RO Data    RW Data    ZI Data      Debug   

     27518       2250       1206        388      22748     373414   Grand Totals
     27518       2250       1206         40      22748     373414   ELF Image Totals (compressed)
     27518       2250       1206         40          0          0   ROM Totals

==============================================================================

    Total RO  Size (Code + RO Data)                28724 (  28.05kB)
    Total RW  Size (RW Data + ZI Data)             23136 (  22.59kB)
    Total ROM Size (Code + RO Data + RW Data)      28764 (  28.09kB)

==============================================================================

